Component: ARM Compiler 5.06 update 6 (build 750) Tool: armlink [4d35ed]

==============================================================================

Section Cross References

    startup_stm32f103xb.o(RESET) refers to startup_stm32f103xb.o(STACK) for __initial_sp
    startup_stm32f103xb.o(RESET) refers to startup_stm32f103xb.o(.text) for Reset_Handler
    startup_stm32f103xb.o(RESET) refers to stm32f1xx_it.o(i.NMI_Handler) for NMI_Handler
    startup_stm32f103xb.o(RESET) refers to stm32f1xx_it.o(i.HardFault_Handler) for HardFault_Handler
    startup_stm32f103xb.o(RESET) refers to stm32f1xx_it.o(i.MemManage_Handler) for MemManage_Handler
    startup_stm32f103xb.o(RESET) refers to stm32f1xx_it.o(i.BusFault_Handler) for BusFault_Handler
    startup_stm32f103xb.o(RESET) refers to stm32f1xx_it.o(i.UsageFault_Handler) for UsageFault_Handler
    startup_stm32f103xb.o(RESET) refers to stm32f1xx_it.o(i.SVC_Handler) for SVC_Handler
    startup_stm32f103xb.o(RESET) refers to stm32f1xx_it.o(i.DebugMon_Handler) for DebugMon_Handler
    startup_stm32f103xb.o(RESET) refers to stm32f1xx_it.o(i.PendSV_Handler) for PendSV_Handler
    startup_stm32f103xb.o(RESET) refers to stm32f1xx_it.o(i.SysTick_Handler) for SysTick_Handler
    startup_stm32f103xb.o(RESET) refers to stm32f1xx_it.o(i.DMA1_Channel4_IRQHandler) for DMA1_Channel4_IRQHandler
    startup_stm32f103xb.o(RESET) refers to stm32f1xx_it.o(i.DMA1_Channel5_IRQHandler) for DMA1_Channel5_IRQHandler
    startup_stm32f103xb.o(RESET) refers to stm32f1xx_it.o(i.USB_LP_CAN1_RX0_IRQHandler) for USB_LP_CAN1_RX0_IRQHandler
    startup_stm32f103xb.o(RESET) refers to stm32f1xx_it.o(i.USART1_IRQHandler) for USART1_IRQHandler
    startup_stm32f103xb.o(.text) refers to system_stm32f1xx.o(i.SystemInit) for SystemInit
    startup_stm32f103xb.o(.text) refers to entry.o(.ARM.Collect$$$$00000000) for __main
    main.o(i.SystemClock_Config) refers to memseta.o(.text) for __aeabi_memclr4
    main.o(i.SystemClock_Config) refers to stm32f1xx_hal_rcc.o(i.HAL_RCC_OscConfig) for HAL_RCC_OscConfig
    main.o(i.SystemClock_Config) refers to stm32f1xx_hal_rcc.o(i.HAL_RCC_ClockConfig) for HAL_RCC_ClockConfig
    main.o(i.SystemClock_Config) refers to stm32f1xx_hal_rcc_ex.o(i.HAL_RCCEx_PeriphCLKConfig) for HAL_RCCEx_PeriphCLKConfig
    main.o(i.UART_RxIdleCallback) refers to fdilink.o(i.fdiComProtocolReceive) for fdiComProtocolReceive
    main.o(i.UART_RxIdleCallback) refers to stm32f1xx_hal_uart.o(i.HAL_UART_Receive_DMA) for HAL_UART_Receive_DMA
    main.o(i.UART_RxIdleCallback) refers to main.o(.bss) for .bss
    main.o(i.fgetc) refers to stm32f1xx_hal_uart.o(i.HAL_UART_Receive) for HAL_UART_Receive
    main.o(i.fgetc) refers to main.o(.bss) for .bss
    main.o(i.fputc) refers to stm32f1xx_hal_uart.o(i.HAL_UART_Transmit) for HAL_UART_Transmit
    main.o(i.fputc) refers to main.o(.bss) for .bss
    main.o(i.main) refers to stm32f1xx_hal.o(i.HAL_Init) for HAL_Init
    main.o(i.main) refers to main.o(i.SystemClock_Config) for SystemClock_Config
    main.o(i.main) refers to stm32f1xx_hal_cortex.o(i.HAL_NVIC_SetPriority) for HAL_NVIC_SetPriority
    main.o(i.main) refers to stm32f1xx_hal_cortex.o(i.HAL_NVIC_EnableIRQ) for HAL_NVIC_EnableIRQ
    main.o(i.main) refers to stm32f1xx_hal_uart.o(i.HAL_UART_Init) for HAL_UART_Init
    main.o(i.main) refers to usb_device.o(i.MX_USB_DEVICE_Init) for MX_USB_DEVICE_Init
    main.o(i.main) refers to stm32f1xx_hal_uart.o(i.HAL_UART_Receive_DMA) for HAL_UART_Receive_DMA
    main.o(i.main) refers to fdilink.o(i.fdiComProtocolInit) for fdiComProtocolInit
    main.o(i.main) refers to main.o(.bss) for .bss
    stm32f1xx_it.o(i.DMA1_Channel4_IRQHandler) refers to stm32f1xx_hal_dma.o(i.HAL_DMA_IRQHandler) for HAL_DMA_IRQHandler
    stm32f1xx_it.o(i.DMA1_Channel4_IRQHandler) refers to main.o(.bss) for hdma_usart1_tx
    stm32f1xx_it.o(i.DMA1_Channel5_IRQHandler) refers to stm32f1xx_hal_dma.o(i.HAL_DMA_IRQHandler) for HAL_DMA_IRQHandler
    stm32f1xx_it.o(i.DMA1_Channel5_IRQHandler) refers to main.o(.bss) for hdma_usart1_rx
    stm32f1xx_it.o(i.SysTick_Handler) refers to stm32f1xx_hal.o(i.HAL_IncTick) for HAL_IncTick
    stm32f1xx_it.o(i.USART1_IRQHandler) refers to stm32f1xx_hal_uart.o(i.HAL_UART_IRQHandler) for HAL_UART_IRQHandler
    stm32f1xx_it.o(i.USART1_IRQHandler) refers to main.o(i.UART_RxIdleCallback) for UART_RxIdleCallback
    stm32f1xx_it.o(i.USART1_IRQHandler) refers to main.o(.bss) for huart1
    stm32f1xx_it.o(i.USB_LP_CAN1_RX0_IRQHandler) refers to stm32f1xx_hal_pcd.o(i.HAL_PCD_IRQHandler) for HAL_PCD_IRQHandler
    stm32f1xx_it.o(i.USB_LP_CAN1_RX0_IRQHandler) refers to usbd_conf.o(.bss) for hpcd_USB_FS
    stm32f1xx_hal_msp.o(i.HAL_UART_MspDeInit) refers to stm32f1xx_hal_gpio.o(i.HAL_GPIO_DeInit) for HAL_GPIO_DeInit
    stm32f1xx_hal_msp.o(i.HAL_UART_MspDeInit) refers to stm32f1xx_hal_dma.o(i.HAL_DMA_DeInit) for HAL_DMA_DeInit
    stm32f1xx_hal_msp.o(i.HAL_UART_MspDeInit) refers to stm32f1xx_hal_cortex.o(i.HAL_NVIC_DisableIRQ) for HAL_NVIC_DisableIRQ
[...]
    ../clib/microlib/printf/printf.c         0x00000000   Number         0  printfa.o ABSOLUTE
    ../clib/microlib/printf/printf.c         0x00000000   Number         0  printf7.o ABSOLUTE
    ../clib/microlib/printf/printf.c         0x00000000   Number         0  printf8.o ABSOLUTE
    ../clib/microlib/printf/printf.c         0x00000000   Number         0  printf6.o ABSOLUTE
    ../clib/microlib/printf/printf.c         0x00000000   Number         0  printf5.o ABSOLUTE
    ../clib/microlib/printf/printf.c         0x00000000   Number         0  printf4.o ABSOLUTE
    ../clib/microlib/printf/printf.c         0x00000000   Number         0  printf3.o ABSOLUTE
    ../clib/microlib/printf/printf.c         0x00000000   Number         0  printf2.o ABSOLUTE
    ../clib/microlib/printf/printf.c         0x00000000   Number         0  printf1.o ABSOLUTE
    ../clib/microlib/printf/printf.c         0x00000000   Number         0  printf0.o ABSOLUTE
    ../clib/microlib/printf/printf.c         0x00000000   Number         0  printfb.o ABSOLUTE
    ../clib/microlib/printf/stubs.s          0x00000000   Number         0  stubs.o ABSOLUTE
    ../clib/microlib/stdio/streams.c         0x00000000   Number         0  stdout.o ABSOLUTE
    ../clib/microlib/string/memcpy.c         0x00000000   Number         0  memcpya.o ABSOLUTE
    ../clib/microlib/string/memcpy.c         0x00000000   Number         0  memcpyb.o ABSOLUTE
    ../clib/microlib/string/memset.c         0x00000000   Number         0  memseta.o ABSOLUTE
    ../clib/microlib/string/strlen.c         0x00000000   Number         0  strlen.o ABSOLUTE
    ../clib/microlib/stubs.s                 0x00000000   Number         0  iusefp.o ABSOLUTE
    ../fplib/microlib/f2d.c                  0x00000000   Number         0  f2d.o ABSOLUTE
    ../fplib/microlib/fpadd.c                0x00000000   Number         0  dadd.o ABSOLUTE
    ../fplib/microlib/fpdiv.c                0x00000000   Number         0  ddiv.o ABSOLUTE
    ../fplib/microlib/fpepilogue.c           0x00000000   Number         0  depilogue.o ABSOLUTE
    ../fplib/microlib/fpepilogue.c           0x00000000   Number         0  fepilogue.o ABSOLUTE
    ../fplib/microlib/fpfix.c                0x00000000   Number         0  dfixul.o ABSOLUTE
    ../fplib/microlib/fpflt.c                0x00000000   Number         0  fflti.o ABSOLUTE
    ../fplib/microlib/fpmul.c                0x00000000   Number         0  dmul.o ABSOLUTE
    ..\Core\Src\main.c                       0x00000000   Number         0  main.o ABSOLUTE
    ..\Core\Src\stm32f1xx_hal_msp.c          0x00000000   Number         0  stm32f1xx_hal_msp.o ABSOLUTE
    ..\Core\Src\stm32f1xx_it.c               0x00000000   Number         0  stm32f1xx_it.o ABSOLUTE
    ..\Core\Src\system_stm32f1xx.c           0x00000000   Number         0  system_stm32f1xx.o ABSOLUTE
    ..\Drivers\STM32F1xx_HAL_Driver\Src\stm32f1xx_hal.c 0x00000000   Number         0  stm32f1xx_hal.o ABSOLUTE
    ..\Drivers\STM32F1xx_HAL_Driver\Src\stm32f1xx_hal_cortex.c 0x00000000   Number         0  stm32f1xx_hal_cortex.o ABSOLUTE
    ..\Drivers\STM32F1xx_HAL_Driver\Src\stm32f1xx_hal_dma.c 0x00000000   Number         0  stm32f1xx_hal_dma.o ABSOLUTE
    ..\Drivers\STM32F1xx_HAL_Driver\Src\stm32f1xx_hal_flash.c 0x00000000   Number         0  stm32f1xx_hal_flash.o ABSOLUTE
    ..\Drivers\STM32F1xx_HAL_Driver\Src\stm32f1xx_hal_flash_ex.c 0x00000000   Number         0  stm32f1xx_hal_flash_ex.o ABSOLUTE
    ..\Drivers\STM32F1xx_HAL_Driver\Src\stm32f1xx_hal_gpio.c 0x00000000   Number         0  stm32f1xx_hal_gpio.o ABSOLUTE
    ..\Drivers\STM32F1xx_HAL_Driver\Src\stm32f1xx_hal_gpio_ex.c 0x00000000   Number         0  stm32f1xx_hal_gpio_ex.o ABSOLUTE
    ..\Drivers\STM32F1xx_HAL_Driver\Src\stm32f1xx_hal_pcd.c 0x00000000   Number         0  stm32f1xx_hal_pcd.o ABSOLUTE
    ..\Drivers\STM32F1xx_HAL_Driver\Src\stm32f1xx_hal_pcd_ex.c 0x00000000   Number         0  stm32f1xx_hal_pcd_ex.o ABSOLUTE
    ..\Drivers\STM32F1xx_HAL_Driver\Src\stm32f1xx_hal_pwr.c 0x00000000   Number         0  stm32f1xx_hal_pwr.o ABSOLUTE
    ..\Drivers\STM32F1xx_HAL_Driver\Src\stm32f1xx_hal_rcc.c 0x00000000   Number         0  stm32f1xx_hal_rcc.o ABSOLUTE
    ..\Drivers\STM32F1xx_HAL_Driver\Src\stm32f1xx_hal_rcc_ex.c 0x00000000   Number         0  stm32f1xx_hal_rcc_ex.o ABSOLUTE
    ..\Drivers\STM32F1xx_HAL_Driver\Src\stm32f1xx_hal_tim.c 0x00000000   Number         0  stm32f1xx_hal_tim.o ABSOLUTE
    ..\Drivers\STM32F1xx_HAL_Driver\Src\stm32f1xx_hal_tim_ex.c 0x00000000   Number         0  stm32f1xx_hal_tim_ex.o ABSOLUTE
    ..\Drivers\STM32F1xx_HAL_Driver\Src\stm32f1xx_hal_uart.c 0x00000000   Number         0  stm32f1xx_hal_uart.o ABSOLUTE
    ..\Drivers\STM32F1xx_HAL_Driver\Src\stm32f1xx_ll_usb.c 0x00000000   Number         0  stm32f1xx_ll_usb.o ABSOLUTE
    ..\FDILink\CRC_Table.c                   0x00000000   Number         0  crc_table.o ABSOLUTE
    ..\FDILink\FDILink.c                     0x00000000   Number         0  fdilink.o ABSOLUTE
    ..\FDILink\FDI_Search_Function.c         0x00000000   Number         0  fdi_search_function.o ABSOLUTE
    ..\FDILink\FDI_config.c                  0x00000000   Number         0  fdi_config.o ABSOLUTE
    ..\FDILink\FDI_receive.c                 0x00000000   Number         0  fdi_receive.o ABSOLUTE
    ..\FDILink\FDI_send.c                    0x00000000   Number         0  fdi_send.o ABSOLUTE
    ..\Middlewares\ST\STM32_USB_Device_Library\Class\CDC\Src\usbd_cdc.c 0x00000000   Number         0  usbd_cdc.o ABSOLUTE
    ..\Middlewares\ST\STM32_USB_Device_Library\Core\Src\usbd_core.c 0x00000000   Number         0  usbd_core.o ABSOLUTE
    ..\Middlewares\ST\STM32_USB_Device_Library\Core\Src\usbd_ctlreq.c 0x00000000   Number         0  usbd_ctlreq.o ABSOLUTE
    ..\Middlewares\ST\STM32_USB_Device_Library\Core\Src\usbd_ioreq.c 0x00000000   Number         0  usbd_ioreq.o ABSOLUTE
    ..\USB_DEVICE\App\usb_device.c           0x00000000   Number         0  usb_device.o ABSOLUTE
    ..\USB_DEVICE\App\usbd_cdc_if.c          0x00000000   Number         0  usbd_cdc_if.o ABSOLUTE
    ..\USB_DEVICE\App\usbd_desc.c            0x00000000   Number         0  usbd_desc.o ABSOLUTE
    ..\USB_DEVICE\Target\usbd_conf.c         0x00000000   Number         0  usbd_conf.o ABSOLUTE
    ..\\FDILink\\FDI_Search_Function.c       0x00000000   Number         0  fdi_search_function.o ABSOLUTE
    ..\\FDILink\\FDI_config.c                0x00000000   Number         0  fdi_config.o ABSOLUTE
    ..\\FDILink\\FDI_send.c                  0x00000000   Number         0  fdi_send.o ABSOLUTE
    cdrcmple.s                               0x00000000   Number         0  cdrcmple.o ABSOLUTE
    dc.s                                     0x00000000   Number         0  dc.o ABSOLUTE
    handlers.s                               0x00000000   Number         0  handlers.o ABSOLUTE
    init.s                                   0x00000000   Number         0  init.o ABSOLUTE
    startup_stm32f103xb.s                    0x00000000   Number         0  startup_stm32f103xb.o ABSOLUTE
    RESET                                    0x08000000   Section      236  startup_stm32f103xb.o(RESET)
    .ARM.Collect$$$$00000000                 0x080000ec   Section        0  entry.o(.ARM.Collect$$$$00000000)
    .ARM.Collect$$$$00000001                 0x080000ec   Section        4  entry2.o(.ARM.Collect$$$$00000001)
    .ARM.Collect$$$$00000004                 0x080000f0   Section        4  entry5.o(.ARM.Collect$$$$00000004)
    .ARM.Collect$$$$00000008                 0x080000f4   Section        0  entry7b.o(.ARM.Collect$$$$00000008)
    .ARM.Collect$$$$0000000A                 0x080000f4   Section        0  entry8b.o(.ARM.Collect$$$$0000000A)
    .ARM.Collect$$$$0000000B                 0x080000f4   Section        8  entry9a.o(.ARM.Collect$$$$0000000B)
    .ARM.Collect$$$$0000000D                 0x080000fc   Section        0  entry10a.o(.ARM.Collect$$$$0000000D)
    .ARM.Collect$$$$0000000F                 0x080000fc   Section        0  entry11a.o(.ARM.Collect$$$$0000000F)
    .ARM.Collect$$$$00002712                 0x080000fc   Section        4  entry2.o(.ARM.Collect$$$$00002712)
    __lit__00000000                          0x080000fc   Data           4  entry2.o(.ARM.Collect$$$$00002712)
    .text                                    0x08000100   Section       36  startup_stm32f103xb.o(.text)
    .text                                    0x08000124   Section        0  memcpya.o(.text)
    .text                                    0x08000148   Section        0  memseta.o(.text)
    .text                                    0x0800016c   Section       36  init.o(.text)
    .text                                    0x08000190   Section        0  __dczerorl2.o(.text)
    i.BusFault_Handler                       0x080001e6   Section        0  stm32f1xx_it.o(i.BusFault_Handler)
    i.CDC_Control_FS                         0x080001e8   Section        0  usbd_cdc_if.o(i.CDC_Control_FS)
    CDC_Control_FS                           0x080001e9   Thumb Code    22  usbd_cdc_if.o(i.CDC_Control_FS)
    i.CDC_DeInit_FS                          0x08000204   Section        0  usbd_cdc_if.o(i.CDC_DeInit_FS)
    CDC_DeInit_FS                            0x08000205   Thumb Code     4  usbd_cdc_if.o(i.CDC_DeInit_FS)
    i.CDC_Init_FS                            0x08000208   Section        0  usbd_cdc_if.o(i.CDC_Init_FS)
    CDC_Init_FS                              0x08000209   Thumb Code    24  usbd_cdc_if.o(i.CDC_Init_FS)
    i.CDC_Receive_FS                         0x0800022c   Section        0  usbd_cdc_if.o(i.CDC_Receive_FS)
    CDC_Receive_FS                           0x0800022d   Thumb Code    20  usbd_cdc_if.o(i.CDC_Receive_FS)
    i.CRC16_Table                            0x08000244   Section        0  crc_table.o(i.CRC16_Table)
    i.CRC8_Table                             0x0800026c   Section        0  crc_table.o(i.CRC8_Table)
    i.DMA1_Channel4_IRQHandler               0x0800028c   Section        0  stm32f1xx_it.o(i.DMA1_Channel4_IRQHandler)
    i.DMA1_Channel5_IRQHandler               0x08000298   Section        0  stm32f1xx_it.o(i.DMA1_Channel5_IRQHandler)
    i.DMA_SetConfig                          0x080002a4   Section        0  stm32f1xx_hal_dma.o(i.DMA_SetConfig)
    DMA_SetConfig                            0x080002a5   Thumb Code    42  stm32f1xx_hal_dma.o(i.DMA_SetConfig)
    i.DebugMon_Handler                       0x080002ce   Section        0  stm32f1xx_it.o(i.DebugMon_Handler)
    i.Error_Handler                          0x080002d0   Section        0  main.o(i.Error_Handler)
    i.HAL_DMA_Abort_IT                       0x080002d4   Section        0  stm32f1xx_hal_dma.o(i.HAL_DMA_Abort_IT)
    i.HAL_DMA_IRQHandler                     0x0800036c   Section        0  stm32f1xx_hal_dma.o(i.HAL_DMA_IRQHandler)
    i.HAL_DMA_Init                           0x080004c0   Section        0  stm32f1xx_hal_dma.o(i.HAL_DMA_Init)
    i.HAL_DMA_Start_IT                       0x0800051c   Section        0  stm32f1xx_hal_dma.o(i.HAL_DMA_Start_IT)
    i.HAL_GPIO_Init                          0x0800058c   Section        0  stm32f1xx_hal_gpio.o(i.HAL_GPIO_Init)
    i.HAL_GetTick                            0x08000748   Section        0  stm32f1xx_hal.o(i.HAL_GetTick)
    i.HAL_IncTick                            0x08000754   Section        0  stm32f1xx_hal.o(i.HAL_IncTick)
    i.HAL_Init                               0x08000764   Section        0  stm32f1xx_hal.o(i.HAL_Init)
    i.HAL_InitTick                           0x08000788   Section        0  stm32f1xx_hal.o(i.HAL_InitTick)
    i.HAL_MspInit                            0x080007c8   Section        0  stm32f1xx_hal_msp.o(i.HAL_MspInit)
    i.HAL_NVIC_EnableIRQ                     0x08000804   Section        0  stm32f1xx_hal_cortex.o(i.HAL_NVIC_EnableIRQ)
    i.HAL_NVIC_SetPriority                   0x0800081c   Section        0  stm32f1xx_hal_cortex.o(i.HAL_NVIC_SetPriority)
    i.HAL_NVIC_SetPriorityGrouping           0x0800085c   Section        0  stm32f1xx_hal_cortex.o(i.HAL_NVIC_SetPriorityGrouping)
    i.HAL_PCDEx_PMAConfig                    0x08000880   Section        0  stm32f1xx_hal_pcd_ex.o(i.HAL_PCDEx_PMAConfig)
    i.HAL_PCDEx_SetConnectionState           0x080008b4   Section        0  usbd_conf.o(i.HAL_PCDEx_SetConnectionState)
    i.HAL_PCD_DataInStageCallback            0x080008b6   Section        0  usbd_conf.o(i.HAL_PCD_DataInStageCallback)
    i.HAL_PCD_DataOutStageCallback           0x080008c4   Section        0  usbd_conf.o(i.HAL_PCD_DataOutStageCallback)
    i.HAL_PCD_EP_Close                       0x080008d4   Section        0  stm32f1xx_hal_pcd.o(i.HAL_PCD_EP_Close)
    i.HAL_PCD_EP_ClrStall                    0x08000914   Section        0  stm32f1xx_hal_pcd.o(i.HAL_PCD_EP_ClrStall)
    i.HAL_PCD_EP_GetRxCount                  0x0800095c   Section        0  stm32f1xx_hal_pcd.o(i.HAL_PCD_EP_GetRxCount)
    i.HAL_PCD_EP_Open                        0x0800096c   Section        0  stm32f1xx_hal_pcd.o(i.HAL_PCD_EP_Open)
    i.HAL_PCD_EP_Receive                     0x080009b0   Section        0  stm32f1xx_hal_pcd.o(i.HAL_PCD_EP_Receive)
    i.HAL_PCD_EP_SetStall                    0x080009de   Section        0  stm32f1xx_hal_pcd.o(i.HAL_PCD_EP_SetStall)
    i.HAL_PCD_EP_Transmit                    0x08000a34   Section        0  stm32f1xx_hal_pcd.o(i.HAL_PCD_EP_Transmit)
    i.HAL_PCD_IRQHandler                     0x08000a5e   Section        0  stm32f1xx_hal_pcd.o(i.HAL_PCD_IRQHandler)
    i.HAL_PCD_Init                           0x08000b6c   Section        0  stm32f1xx_hal_pcd.o(i.HAL_PCD_Init)
    i.HAL_PCD_MspInit                        0x08000c2c   Section        0  usbd_conf.o(i.HAL_PCD_MspInit)
    i.HAL_PCD_ResetCallback                  0x08000c68   Section        0  usbd_conf.o(i.HAL_PCD_ResetCallback)
    i.HAL_PCD_ResumeCallback                 0x08000c8e   Section        0  usbd_conf.o(i.HAL_PCD_ResumeCallback)
    i.HAL_PCD_SOFCallback                    0x08000c96   Section        0  usbd_conf.o(i.HAL_PCD_SOFCallback)
    i.HAL_PCD_SetAddress                     0x08000c9e   Section        0  stm32f1xx_hal_pcd.o(i.HAL_PCD_SetAddress)
    i.HAL_PCD_SetupStageCallback             0x08000cc6   Section        0  usbd_conf.o(i.HAL_PCD_SetupStageCallback)
    i.HAL_PCD_Start                          0x08000cd4   Section        0  stm32f1xx_hal_pcd.o(i.HAL_PCD_Start)
    i.HAL_PCD_SuspendCallback                0x08000d08   Section        0  usbd_conf.o(i.HAL_PCD_SuspendCallback)
    i.HAL_RCCEx_PeriphCLKConfig              0x08000d2c   Section        0  stm32f1xx_hal_rcc_ex.o(i.HAL_RCCEx_PeriphCLKConfig)
    i.HAL_RCC_ClockConfig                    0x08000e18   Section        0  stm32f1xx_hal_rcc.o(i.HAL_RCC_ClockConfig)
    i.HAL_RCC_GetPCLK1Freq                   0x08000f84   Section        0  stm32f1xx_hal_rcc.o(i.HAL_RCC_GetPCLK1Freq)
    i.HAL_RCC_GetPCLK2Freq                   0x08000fa4   Section        0  stm32f1xx_hal_rcc.o(i.HAL_RCC_GetPCLK2Freq)
    i.HAL_RCC_GetSysClockFreq                0x08000fc4   Section        0  stm32f1xx_hal_rcc.o(i.HAL_RCC_GetSysClockFreq)
    i.HAL_RCC_OscConfig                      0x08001030   Section        0  stm32f1xx_hal_rcc.o(i.HAL_RCC_OscConfig)
    i.HAL_SYSTICK_Config                     0x08001334   Section        0  stm32f1xx_hal_cortex.o(i.HAL_SYSTICK_Config)
    i.HAL_UART_ErrorCallback                 0x0800135c   Section        0  stm32f1xx_hal_uart.o(i.HAL_UART_ErrorCallback)
    i.HAL_UART_IRQHandler                    0x08001360   Section        0  stm32f1xx_hal_uart.o(i.HAL_UART_IRQHandler)
    i.HAL_UART_Init                          0x08001470   Section        0  stm32f1xx_hal_uart.o(i.HAL_UART_Init)
    i.HAL_UART_MspInit                       0x080014d4   Section        0  stm32f1xx_hal_msp.o(i.HAL_UART_MspInit)
    i.HAL_UART_Receive_DMA                   0x080015b0   Section        0  stm32f1xx_hal_uart.o(i.HAL_UART_Receive_DMA)
    i.HAL_UART_RxCpltCallback                0x08001648   Section        0  stm32f1xx_hal_uart.o(i.HAL_UART_RxCpltCallback)
    i.HAL_UART_RxHalfCpltCallback            0x0800164a   Section        0  stm32f1xx_hal_uart.o(i.HAL_UART_RxHalfCpltCallback)
    i.HAL_UART_TxCpltCallback                0x0800164c   Section        0  stm32f1xx_hal_uart.o(i.HAL_UART_TxCpltCallback)
    i.HardFault_Handler                      0x0800164e   Section        0  stm32f1xx_it.o(i.HardFault_Handler)
    i.IntToUnicode                           0x08001650   Section        0  usbd_desc.o(i.IntToUnicode)
    IntToUnicode                             0x08001651   Thumb Code    56  usbd_desc.o(i.IntToUnicode)
    i.MX_USB_DEVICE_Init                     0x08001688   Section        0  usb_device.o(i.MX_USB_DEVICE_Init)
    i.MemManage_Handler                      0x080016dc   Section        0  stm32f1xx_it.o(i.MemManage_Handler)
    i.NMI_Handler                            0x080016de   Section        0  stm32f1xx_it.o(i.NMI_Handler)
    i.NVIC_SetPriority                       0x080016e0   Section        0  stm32f1xx_hal_cortex.o(i.NVIC_SetPriority)
    NVIC_SetPriority                         0x080016e1   Thumb Code    32  stm32f1xx_hal_cortex.o(i.NVIC_SetPriority)
    i.PCD_EP_ISR_Handler                     0x08001700   Section        0  stm32f1xx_hal_pcd.o(i.PCD_EP_ISR_Handler)
    PCD_EP_ISR_Handler                       0x08001701   Thumb Code   866  stm32f1xx_hal_pcd.o(i.PCD_EP_ISR_Handler)
    i.PendSV_Handler                         0x08001a62   Section        0  stm32f1xx_it.o(i.PendSV_Handler)
    i.SVC_Handler                            0x08001a64   Section        0  stm32f1xx_it.o(i.SVC_Handler)
    i.SysTick_Handler                        0x08001a66   Section        0  stm32f1xx_it.o(i.SysTick_Handler)
    i.SystemClock_Config                     0x08001a6a   Section        0  main.o(i.SystemClock_Config)
    i.SystemInit                             0x08001acc   Section        0  system_stm32f1xx.o(i.SystemInit)
    i.UART_DMAAbortOnError                   0x08001b14   Section        0  stm32f1xx_hal_uart.o(i.UART_DMAAbortOnError)
    UART_DMAAbortOnError                     0x08001b15   Thumb Code    16  stm32f1xx_hal_uart.o(i.UART_DMAAbortOnError)
    i.UART_DMAError                          0x08001b24   Section        0  stm32f1xx_hal_uart.o(i.UART_DMAError)
    UART_DMAError                            0x08001b25   Thumb Code    74  stm32f1xx_hal_uart.o(i.UART_DMAError)
    i.UART_DMAReceiveCplt                    0x08001b6e   Section        0  stm32f1xx_hal_uart.o(i.UART_DMAReceiveCplt)
    UART_DMAReceiveCplt                      0x08001b6f   Thumb Code    60  stm32f1xx_hal_uart.o(i.UART_DMAReceiveCplt)
    i.UART_DMARxHalfCplt                     0x08001baa   Section        0  stm32f1xx_hal_uart.o(i.UART_DMARxHalfCplt)
    UART_DMARxHalfCplt                       0x08001bab   Thumb Code    10  stm32f1xx_hal_uart.o(i.UART_DMARxHalfCplt)
    i.UART_EndRxTransfer                     0x08001bb4   Section        0  stm32f1xx_hal_uart.o(i.UART_EndRxTransfer)
    UART_EndRxTransfer                       0x08001bb5   Thumb Code    28  stm32f1xx_hal_uart.o(i.UART_EndRxTransfer)
    i.UART_EndTxTransfer                     0x08001bd0   Section        0  stm32f1xx_hal_uart.o(i.UART_EndTxTransfer)
    UART_EndTxTransfer                       0x08001bd1   Thumb Code    18  stm32f1xx_hal_uart.o(i.UART_EndTxTransfer)
    i.UART_Receive_IT                        0x08001be2   Section        0  stm32f1xx_hal_uart.o(i.UART_Receive_IT)
    UART_Receive_IT                          0x08001be3   Thumb Code   150  stm32f1xx_hal_uart.o(i.UART_Receive_IT)
    i.UART_RxIdleCallback                    0x08001c78   Section        0  main.o(i.UART_RxIdleCallback)
    i.UART_SetConfig                         0x08001cb4   Section        0  stm32f1xx_hal_uart.o(i.UART_SetConfig)
    UART_SetConfig                           0x08001cb5   Thumb Code   364  stm32f1xx_hal_uart.o(i.UART_SetConfig)
    i.UART_Transmit_IT                       0x08001e24   Section        0  stm32f1xx_hal_uart.o(i.UART_Transmit_IT)
    UART_Transmit_IT                         0x08001e25   Thumb Code    98  stm32f1xx_hal_uart.o(i.UART_Transmit_IT)
    i.USART1_IRQHandler                      0x08001e88   Section        0  stm32f1xx_it.o(i.USART1_IRQHandler)
    i.USBD_CDC_DataIn                        0x08001eb8   Section        0  usbd_cdc.o(i.USBD_CDC_DataIn)
    USBD_CDC_DataIn                          0x08001eb9   Thumb Code    20  usbd_cdc.o(i.USBD_CDC_DataIn)
    i.USBD_CDC_DataOut                       0x08001ecc   Section        0  usbd_cdc.o(i.USBD_CDC_DataOut)
    USBD_CDC_DataOut                         0x08001ecd   Thumb Code    46  usbd_cdc.o(i.USBD_CDC_DataOut)
    i.USBD_CDC_DeInit                        0x08001efa   Section        0  usbd_cdc.o(i.USBD_CDC_DeInit)
    USBD_CDC_DeInit                          0x08001efb   Thumb Code    60  usbd_cdc.o(i.USBD_CDC_DeInit)
    i.USBD_CDC_EP0_RxReady                   0x08001f36   Section        0  usbd_cdc.o(i.USBD_CDC_EP0_RxReady)
    USBD_CDC_EP0_RxReady                     0x08001f37   Thumb Code    36  usbd_cdc.o(i.USBD_CDC_EP0_RxReady)
    i.USBD_CDC_GetDeviceQualifierDescriptor  0x08001f5c   Section        0  usbd_cdc.o(i.USBD_CDC_GetDeviceQualifierDescriptor)
    i.USBD_CDC_GetFSCfgDesc                  0x08001f68   Section        0  usbd_cdc.o(i.USBD_CDC_GetFSCfgDesc)
    USBD_CDC_GetFSCfgDesc                    0x08001f69   Thumb Code     8  usbd_cdc.o(i.USBD_CDC_GetFSCfgDesc)
    i.USBD_CDC_GetHSCfgDesc                  0x08001f74   Section        0  usbd_cdc.o(i.USBD_CDC_GetHSCfgDesc)
    USBD_CDC_GetHSCfgDesc                    0x08001f75   Thumb Code     8  usbd_cdc.o(i.USBD_CDC_GetHSCfgDesc)
    i.USBD_CDC_GetOtherSpeedCfgDesc          0x08001f80   Section        0  usbd_cdc.o(i.USBD_CDC_GetOtherSpeedCfgDesc)
    USBD_CDC_GetOtherSpeedCfgDesc            0x08001f81   Thumb Code     8  usbd_cdc.o(i.USBD_CDC_GetOtherSpeedCfgDesc)
    i.USBD_CDC_Init                          0x08001f8c   Section        0  usbd_cdc.o(i.USBD_CDC_Init)
    USBD_CDC_Init                            0x08001f8d   Thumb Code   136  usbd_cdc.o(i.USBD_CDC_Init)
    i.USBD_CDC_ReceivePacket                 0x08002014   Section        0  usbd_cdc.o(i.USBD_CDC_ReceivePacket)
    i.USBD_CDC_RegisterInterface             0x0800203c   Section        0  usbd_cdc.o(i.USBD_CDC_RegisterInterface)
    i.USBD_CDC_SetRxBuffer                   0x0800204c   Section        0  usbd_cdc.o(i.USBD_CDC_SetRxBuffer)
    i.USBD_CDC_SetTxBuffer                   0x08002058   Section        0  usbd_cdc.o(i.USBD_CDC_SetTxBuffer)
    i.USBD_CDC_Setup                         0x08002068   Section        0  usbd_cdc.o(i.USBD_CDC_Setup)
    USBD_CDC_Setup                           0x08002069   Thumb Code   106  usbd_cdc.o(i.USBD_CDC_Setup)
    i.USBD_ClrClassConfig                    0x080020d8   Section        0  usbd_core.o(i.USBD_ClrClassConfig)
    i.USBD_CtlContinueRx                     0x080020e6   Section        0  usbd_ioreq.o(i.USBD_CtlContinueRx)
    i.USBD_CtlContinueSendData               0x080020f6   Section        0  usbd_ioreq.o(i.USBD_CtlContinueSendData)
    i.USBD_CtlError                          0x08002106   Section        0  usbd_ctlreq.o(i.USBD_CtlError)
    i.USBD_CtlPrepareRx                      0x0800211c   Section        0  usbd_ioreq.o(i.USBD_CtlPrepareRx)
    i.USBD_CtlReceiveStatus                  0x0800213a   Section        0  usbd_ioreq.o(i.USBD_CtlReceiveStatus)
    i.USBD_CtlSendData                       0x08002150   Section        0  usbd_ioreq.o(i.USBD_CtlSendData)
    i.USBD_CtlSendStatus                     0x0800216a   Section        0  usbd_ioreq.o(i.USBD_CtlSendStatus)
    i.USBD_FS_ConfigStrDescriptor            0x08002180   Section        0  usbd_desc.o(i.USBD_FS_ConfigStrDescriptor)
    i.USBD_FS_DeviceDescriptor               0x080021a0   Section        0  usbd_desc.o(i.USBD_FS_DeviceDescriptor)
    i.USBD_FS_InterfaceStrDescriptor         0x080021ac   Section        0  usbd_desc.o(i.USBD_FS_InterfaceStrDescriptor)
    i.USBD_FS_LangIDStrDescriptor            0x080021d0   Section        0  usbd_desc.o(i.USBD_FS_LangIDStrDescriptor)
    i.USBD_FS_ManufacturerStrDescriptor      0x080021dc   Section        0  usbd_desc.o(i.USBD_FS_ManufacturerStrDescriptor)
    i.USBD_FS_ProductStrDescriptor           0x080021f8   Section        0  usbd_desc.o(i.USBD_FS_ProductStrDescriptor)
    i.USBD_FS_SerialStrDescriptor            0x0800221c   Section        0  usbd_desc.o(i.USBD_FS_SerialStrDescriptor)
    i.USBD_GetDescriptor                     0x08002254   Section        0  usbd_ctlreq.o(i.USBD_GetDescriptor)
    USBD_GetDescriptor                       0x08002255   Thumb Code   224  usbd_ctlreq.o(i.USBD_GetDescriptor)
    i.USBD_GetString                         0x08002334   Section        0  usbd_ctlreq.o(i.USBD_GetString)
    i.USBD_Get_USB_Status                    0x0800237a   Section        0  usbd_conf.o(i.USBD_Get_USB_Status)
    USBD_Get_USB_Status                      0x0800237b   Thumb Code    24  usbd_conf.o(i.USBD_Get_USB_Status)
    i.USBD_Init                              0x08002392   Section        0  usbd_core.o(i.USBD_Init)
    i.USBD_LL_ClearStallEP                   0x080023bc   Section        0  usbd_conf.o(i.USBD_LL_ClearStallEP)
    i.USBD_LL_CloseEP                        0x080023ce   Section        0  usbd_conf.o(i.USBD_LL_CloseEP)
    i.USBD_LL_DataInStage                    0x080023e0   Section        0  usbd_core.o(i.USBD_LL_DataInStage)
    i.USBD_LL_DataOutStage                   0x0800248a   Section        0  usbd_core.o(i.USBD_LL_DataOutStage)
    i.USBD_LL_GetRxDataSize                  0x080024f4   Section        0  usbd_conf.o(i.USBD_LL_GetRxDataSize)
    i.USBD_LL_Init                           0x080024fc   Section        0  usbd_conf.o(i.USBD_LL_Init)
    i.USBD_LL_IsStallEP                      0x0800257c   Section        0  usbd_conf.o(i.USBD_LL_IsStallEP)
    i.USBD_LL_OpenEP                         0x08002598   Section        0  usbd_conf.o(i.USBD_LL_OpenEP)
    i.USBD_LL_PrepareReceive                 0x080025b0   Section        0  usbd_conf.o(i.USBD_LL_PrepareReceive)
    i.USBD_LL_Reset                          0x080025c2   Section        0  usbd_core.o(i.USBD_LL_Reset)
    i.USBD_LL_Resume                         0x08002600   Section        0  usbd_core.o(i.USBD_LL_Resume)
    i.USBD_LL_SOF                            0x0800260c   Section        0  usbd_core.o(i.USBD_LL_SOF)
    i.USBD_LL_SetSpeed                       0x08002624   Section        0  usbd_core.o(i.USBD_LL_SetSpeed)
    i.USBD_LL_SetUSBAddress                  0x0800262a   Section        0  usbd_conf.o(i.USBD_LL_SetUSBAddress)
    i.USBD_LL_SetupStage                     0x0800263c   Section        0  usbd_core.o(i.USBD_LL_SetupStage)
    i.USBD_LL_StallEP                        0x08002696   Section        0  usbd_conf.o(i.USBD_LL_StallEP)
    i.USBD_LL_Start                          0x080026a8   Section        0  usbd_conf.o(i.USBD_LL_Start)
    i.USBD_LL_Suspend                        0x080026ba   Section        0  usbd_core.o(i.USBD_LL_Suspend)
    i.USBD_LL_Transmit                       0x080026cc   Section        0  usbd_conf.o(i.USBD_LL_Transmit)
    i.USBD_ParseSetupRequest                 0x080026de   Section        0  usbd_ctlreq.o(i.USBD_ParseSetupRequest)
    i.USBD_RegisterClass                     0x08002706   Section        0  usbd_core.o(i.USBD_RegisterClass)
    i.USBD_SetClassConfig                    0x08002716   Section        0  usbd_core.o(i.USBD_SetClassConfig)
    i.USBD_SetConfig                         0x0800272c   Section        0  usbd_ctlreq.o(i.USBD_SetConfig)
    USBD_SetConfig                           0x0800272d   Thumb Code   110  usbd_ctlreq.o(i.USBD_SetConfig)
    i.USBD_Start                             0x080027a0   Section        0  usbd_core.o(i.USBD_Start)
    i.USBD_StdDevReq                         0x080027aa   Section        0  usbd_ctlreq.o(i.USBD_StdDevReq)
    i.USBD_StdEPReq                          0x0800289c   Section        0  usbd_ctlreq.o(i.USBD_StdEPReq)
    i.USBD_StdItfReq                         0x08002978   Section        0  usbd_ctlreq.o(i.USBD_StdItfReq)
    i.USBD_static_free                       0x080029ac   Section        0  usbd_conf.o(i.USBD_static_free)
    i.USBD_static_malloc                     0x080029b0   Section        0  usbd_conf.o(i.USBD_static_malloc)
    i.USB_ActivateEndpoint                   0x080029b8   Section        0  stm32f1xx_ll_usb.o(i.USB_ActivateEndpoint)
    i.USB_CoreInit                           0x08002c14   Section        0  stm32f1xx_ll_usb.o(i.USB_CoreInit)
    i.USB_DeactivateEndpoint                 0x08002c18   Section        0  stm32f1xx_ll_usb.o(i.USB_DeactivateEndpoint)
    i.USB_DevConnect                         0x08002d3c   Section        0  stm32f1xx_ll_usb.o(i.USB_DevConnect)
    i.USB_DevDisconnect                      0x08002d40   Section        0  stm32f1xx_ll_usb.o(i.USB_DevDisconnect)
    i.USB_DevInit                            0x08002d44   Section        0  stm32f1xx_ll_usb.o(i.USB_DevInit)
    i.USB_DisableGlobalInt                   0x08002d62   Section        0  stm32f1xx_ll_usb.o(i.USB_DisableGlobalInt)
    i.USB_EP0_OutStart                       0x08002d70   Section        0  stm32f1xx_ll_usb.o(i.USB_EP0_OutStart)
    i.USB_EPClearStall                       0x08002d74   Section        0  stm32f1xx_ll_usb.o(i.USB_EPClearStall)
    i.USB_EPSetStall                         0x08002dde   Section        0  stm32f1xx_ll_usb.o(i.USB_EPSetStall)
    i.USB_EPStartXfer                        0x08002e28   Section        0  stm32f1xx_ll_usb.o(i.USB_EPStartXfer)
    i.USB_EnableGlobalInt                    0x08002fd2   Section        0  stm32f1xx_ll_usb.o(i.USB_EnableGlobalInt)
    i.USB_LP_CAN1_RX0_IRQHandler             0x08002fe0   Section        0  stm32f1xx_it.o(i.USB_LP_CAN1_RX0_IRQHandler)
    i.USB_ReadInterrupts                     0x08002fec   Section        0  stm32f1xx_ll_usb.o(i.USB_ReadInterrupts)
    i.USB_ReadPMA                            0x08002ff4   Section        0  stm32f1xx_ll_usb.o(i.USB_ReadPMA)
    i.USB_SetCurrentMode                     0x08003012   Section        0  stm32f1xx_ll_usb.o(i.USB_SetCurrentMode)
    i.USB_SetDevAddress                      0x08003016   Section        0  stm32f1xx_ll_usb.o(i.USB_SetDevAddress)
    i.USB_WritePMA                           0x08003022   Section        0  stm32f1xx_ll_usb.o(i.USB_WritePMA)
    i.UsageFault_Handler                     0x08003048   Section        0  stm32f1xx_it.o(i.UsageFault_Handler)
    i.__scatterload_copy                     0x0800304a   Section       14  handlers.o(i.__scatterload_copy)
    i.__scatterload_null                     0x08003058   Section        2  handlers.o(i.__scatterload_null)
    i.__scatterload_zeroinit                 0x0800305a   Section       14  handlers.o(i.__scatterload_zeroinit)
    i.fdiComProtocolInit                     0x08003068   Section        0  fdilink.o(i.fdiComProtocolInit)
    i.fdiComProtocolReceive                  0x08003084   Section        0  fdilink.o(i.fdiComProtocolReceive)
    i.fdiDecodeBuffer                        0x080030bc   Section        0  fdi_receive.o(i.fdiDecodeBuffer)
    i.fdiInsertBuffer                        0x080031c0   Section        0  fdilink.o(i.fdiInsertBuffer)
    i.fdiResetAll                            0x080031ee   Section        0  fdilink.o(i.fdiResetAll)
    i.fdiRuningReceiveData                   0x080031fc   Section        0  fdilink.o(i.fdiRuningReceiveData)
    i.main                                   0x080032bc   Section        0  main.o(i.main)
    .constdata                               0x0800336c   Section        8  usbd_cdc_if.o(.constdata)
    .constdata                               0x08003374   Section       16  system_stm32f1xx.o(.constdata)
    .constdata                               0x08003384   Section        8  system_stm32f1xx.o(.constdata)
    .constdata                               0x0800338c   Section     1792  crc_table.o(.constdata)
    .data                                    0x20000000   Section       28  usbd_desc.o(.data)
    .data                                    0x2000001c   Section       50  usbd_desc.o(.data)
    .data                                    0x20000050   Section       16  usbd_cdc_if.o(.data)
    .data                                    0x20000060   Section       12  stm32f1xx_hal.o(.data)
    .data                                    0x2000006c   Section        4  system_stm32f1xx.o(.data)
    .data                                    0x20000070   Section        1  usbd_ctlreq.o(.data)
    cfgidx                                   0x20000070   Data           1  usbd_ctlreq.o(.data)
    .data                                    0x20000074   Section      219  usbd_cdc.o(.data)
    ifalt                                    0x20000074   Data           1  usbd_cdc.o(.data)
    USBD_CDC_DeviceQualifierDesc             0x20000078   Data          10  usbd_cdc.o(.data)
    .data                                    0x20000150   Section       56  usbd_cdc.o(.data)
    .bss                                     0x20000188   Section      624  main.o(.bss)
    _FDILink                                 0x200001c8   Data         304  main.o(.bss)
    RxBuffer                                 0x200002f8   Data         256  main.o(.bss)
    .bss                                     0x200003f8   Section       68  main.o(.bss)
    .bss                                     0x2000043c   Section       68  main.o(.bss)
    .bss                                     0x20000480   Section      548  usb_device.o(.bss)
    .bss                                     0x200006a4   Section      512  usbd_desc.o(.bss)
    .bss                                     0x200008a4   Section     2000  usbd_cdc_if.o(.bss)
    .bss                                     0x20001074   Section     1664  usbd_conf.o(.bss)
    mem                                      0x20001074   Data         544  usbd_conf.o(.bss)
    .bss                                     0x200016f4   Section       56  fdi_receive.o(.bss)
    STACK                                    0x20001730   Section     1024  startup_stm32f103xb.o(STACK)

    Global Symbols

    Symbol Name                              Value     Ov Type        Size  Object(Section)

    BuildAttributes$$THM_ISAv4$P$D$K$B$S$PE$A:L22UL41UL21$X:L11$S22US41US21$IEEE1$IW$USESV6$~STKCKD$USESV7$~SHL$OTIME$ROPI$EBA8$MICROLIB$REQ8$PRES8$EABIv2 0x00000000   Number         0  anon$$obj.o ABSOLUTE
    __ARM_use_no_argv                        0x00000000   Number         0  main.o ABSOLUTE
    _printf_a                                0x00000000   Number         0  stubs.o ABSOLUTE
    _printf_c                                0x00000000   Number         0  stubs.o ABSOLUTE
    _printf_charcount                        0x00000000   Number         0  stubs.o ABSOLUTE
    _printf_d                                0x00000000   Number         0  stubs.o ABSOLUTE
    _printf_e                                0x00000000   Number         0  stubs.o ABSOLUTE
    _printf_f                                0x00000000   Number         0  stubs.o ABSOLUTE
    _printf_flags                            0x00000000   Number         0  stubs.o ABSOLUTE
    _printf_fp_dec                           0x00000000   Number         0  stubs.o ABSOLUTE
    _printf_fp_hex                           0x00000000   Number         0  stubs.o ABSOLUTE
    _printf_g                                0x00000000   Number         0  stubs.o ABSOLUTE
    _printf_i                                0x00000000   Number         0  stubs.o ABSOLUTE
    _printf_int_dec                          0x00000000   Number         0  stubs.o ABSOLUTE
    _printf_l                                0x00000000   Number         0  stubs.o ABSOLUTE
    _printf_lc                               0x00000000   Number         0  stubs.o ABSOLUTE
    _printf_ll                               0x00000000   Number         0  stubs.o ABSOLUTE
    _printf_lld                              0x00000000   Number         0  stubs.o ABSOLUTE
    _printf_lli                              0x00000000   Number         0  stubs.o ABSOLUTE
    _printf_llo                              0x00000000   Number         0  stubs.o ABSOLUTE
    _printf_llu                              0x00000000   Number         0  stubs.o ABSOLUTE
    _printf_llx                              0x00000000   Number         0  stubs.o ABSOLUTE
    _printf_longlong_dec                     0x00000000   Number         0  stubs.o ABSOLUTE
    _printf_longlong_hex                     0x00000000   Number         0  stubs.o ABSOLUTE
    _printf_longlong_oct                     0x00000000   Number         0  stubs.o ABSOLUTE
    _printf_ls                               0x00000000   Number         0  stubs.o ABSOLUTE
    _printf_mbtowc                           0x00000000   Number         0  stubs.o ABSOLUTE
    _printf_n                                0x00000000   Number         0  stubs.o ABSOLUTE
    _printf_o                                0x00000000   Number         0  stubs.o ABSOLUTE
    _printf_p                                0x00000000   Number         0  stubs.o ABSOLUTE
    _printf_percent                          0x00000000   Number         0  stubs.o ABSOLUTE
    _printf_pre_padding                      0x00000000   Number         0  stubs.o ABSOLUTE
    _printf_return_value                     0x00000000   Number         0  stubs.o ABSOLUTE
    _printf_s                                0x00000000   Number         0  stubs.o ABSOLUTE
    _printf_sizespec                         0x00000000   Number         0  stubs.o ABSOLUTE
    _printf_str                              0x00000000   Number         0  stubs.o ABSOLUTE
    _printf_truncate_signed                  0x00000000   Number         0  stubs.o ABSOLUTE
    _printf_truncate_unsigned                0x00000000   Number         0  stubs.o ABSOLUTE
    _printf_u                                0x00000000   Number         0  stubs.o ABSOLUTE
    _printf_wc                               0x00000000   Number         0  stubs.o ABSOLUTE
    _printf_wctomb                           0x00000000   Number         0  stubs.o ABSOLUTE
    _printf_widthprec                        0x00000000   Number         0  stubs.o ABSOLUTE
    _printf_x                                0x00000000   Number         0  stubs.o ABSOLUTE
    __cpp_initialize__aeabi_                  - Undefined Weak Reference
    __cxa_finalize                            - Undefined Weak Reference
    _clock_init                               - Undefined Weak Reference
    _microlib_exit                            - Undefined Weak Reference
    __Vectors_Size                           0x000000ec   Number         0  startup_stm32f103xb.o ABSOLUTE
    __Vectors                                0x08000000   Data           4  startup_stm32f103xb.o(RESET)
    __Vectors_End                            0x080000ec   Data           0  startup_stm32f103xb.o(RESET)
    __main                                   0x080000ed   Thumb Code     0  entry.o(.ARM.Collect$$$$00000000)
    _main_stk                                0x080000ed   Thumb Code     0  entry2.o(.ARM.Collect$$$$00000001)
    _main_scatterload                        0x080000f1   Thumb Code     0  entry5.o(.ARM.Collect$$$$00000004)
    __main_after_scatterload                 0x080000f5   Thumb Code     0  entry5.o(.ARM.Collect$$$$00000004)
    _main_clock                              0x080000f5   Thumb Code     0  entry7b.o(.ARM.Collect$$$$00000008)
    _main_cpp_init                           0x080000f5   Thumb Code     0  entry8b.o(.ARM.Collect$$$$0000000A)
    _main_init                               0x080000f5   Thumb Code     0  entry9a.o(.ARM.Collect$$$$0000000B)
    __rt_final_cpp                           0x080000fd   Thumb Code     0  entry10a.o(.ARM.Collect$$$$0000000D)
    __rt_final_exit                          0x080000fd   Thumb Code     0  entry11a.o(.ARM.Collect$$$$0000000F)
    Reset_Handler                            0x08000101   Thumb Code     8  startup_stm32f103xb.o(.text)
    ADC1_2_IRQHandler                        0x0800011b   Thumb Code     0  startup_stm32f103xb.o(.text)
    CAN1_RX1_IRQHandler                      0x0800011b   Thumb Code     0  startup_stm32f103xb.o(.text)
    CAN1_SCE_IRQHandler                      0x0800011b   Thumb Code     0  startup_stm32f103xb.o(.text)
    DMA1_Channel1_IRQHandler                 0x0800011b   Thumb Code     0  startup_stm32f103xb.o(.text)
    DMA1_Channel2_IRQHandler                 0x0800011b   Thumb Code     0  startup_stm32f103xb.o(.text)
    DMA1_Channel3_IRQHandler                 0x0800011b   Thumb Code     0  startup_stm32f103xb.o(.text)
    DMA1_Channel6_IRQHandler                 0x0800011b   Thumb Code     0  startup_stm32f103xb.o(.text)
    DMA1_Channel7_IRQHandler                 0x0800011b   Thumb Code     0  startup_stm32f103xb.o(.text)
    EXTI0_IRQHandler                         0x0800011b   Thumb Code     0  startup_stm32f103xb.o(.text)
    EXTI15_10_IRQHandler                     0x0800011b   Thumb Code     0  startup_stm32f103xb.o(.text)
    EXTI1_IRQHandler                         0x0800011b   Thumb Code     0  startup_stm32f103xb.o(.text)
    EXTI2_IRQHandler                         0x0800011b   Thumb Code     0  startup_stm32f103xb.o(.text)
    EXTI3_IRQHandler                         0x0800011b   Thumb Code     0  startup_stm32f103xb.o(.text)
    EXTI4_IRQHandler                         0x0800011b   Thumb Code     0  startup_stm32f103xb.o(.text)
    EXTI9_5_IRQHandler                       0x0800011b   Thumb Code     0  startup_stm32f103xb.o(.text)
    FLASH_IRQHandler                         0x0800011b   Thumb Code     0  startup_stm32f103xb.o(.text)
    I2C1_ER_IRQHandler                       0x0800011b   Thumb Code     0  startup_stm32f103xb.o(.text)
    I2C1_EV_IRQHandler                       0x0800011b   Thumb Code     0  startup_stm32f103xb.o(.text)
    I2C2_ER_IRQHandler                       0x0800011b   Thumb Code     0  startup_stm32f103xb.o(.text)
    I2C2_EV_IRQHandler                       0x0800011b   Thumb Code     0  startup_stm32f103xb.o(.text)
    PVD_IRQHandler                           0x0800011b   Thumb Code     0  startup_stm32f103xb.o(.text)
    RCC_IRQHandler                           0x0800011b   Thumb Code     0  startup_stm32f103xb.o(.text)
    RTC_Alarm_IRQHandler                     0x0800011b   Thumb Code     0  startup_stm32f103xb.o(.text)
    RTC_IRQHandler                           0x0800011b   Thumb Code     0  startup_stm32f103xb.o(.text)
    SPI1_IRQHandler                          0x0800011b   Thumb Code     0  startup_stm32f103xb.o(.text)
    SPI2_IRQHandler                          0x0800011b   Thumb Code     0  startup_stm32f103xb.o(.text)
    TAMPER_IRQHandler                        0x0800011b   Thumb Code     0  startup_stm32f103xb.o(.text)
    TIM1_BRK_IRQHandler                      0x0800011b   Thumb Code     0  startup_stm32f103xb.o(.text)
    TIM1_CC_IRQHandler                       0x0800011b   Thumb Code     0  startup_stm32f103xb.o(.text)
    TIM1_TRG_COM_IRQHandler                  0x0800011b   Thumb Code     0  startup_stm32f103xb.o(.text)
    TIM1_UP_IRQHandler                       0x0800011b   Thumb Code     0  startup_stm32f103xb.o(.text)
    TIM2_IRQHandler                          0x0800011b   Thumb Code     0  startup_stm32f103xb.o(.text)
    TIM3_IRQHandler                          0x0800011b   Thumb Code     0  startup_stm32f103xb.o(.text)
    TIM4_IRQHandler                          0x0800011b   Thumb Code     0  startup_stm32f103xb.o(.text)
    USART2_IRQHandler                        0x0800011b   Thumb Code     0  startup_stm32f103xb.o(.text)
    USART3_IRQHandler                        0x0800011b   Thumb Code     0  startup_stm32f103xb.o(.text)
    USBWakeUp_IRQHandler                     0x0800011b   Thumb Code     0  startup_stm32f103xb.o(.text)
    USB_HP_CAN1_TX_IRQHandler                0x0800011b   Thumb Code     0  startup_stm32f103xb.o(.text)
    WWDG_IRQHandler                          0x0800011b   Thumb Code     0  startup_stm32f103xb.o(.text)
    __aeabi_memcpy                           0x08000125   Thumb Code    36  memcpya.o(.text)
    __aeabi_memcpy4                          0x08000125   Thumb Code     0  memcpya.o(.text)
    __aeabi_memcpy8                          0x08000125   Thumb Code     0  memcpya.o(.text)
    __aeabi_memset                           0x08000149   Thumb Code    14  memseta.o(.text)
    __aeabi_memset4                          0x08000149   Thumb Code     0  memseta.o(.text)
    __aeabi_memset8                          0x08000149   Thumb Code     0  memseta.o(.text)
    __aeabi_memclr                           0x08000157   Thumb Code     4  memseta.o(.text)
    __aeabi_memclr4                          0x08000157   Thumb Code     0  memseta.o(.text)
    __aeabi_memclr8                          0x08000157   Thumb Code     0  memseta.o(.text)
    _memset$wrapper                          0x0800015b   Thumb Code    18  memseta.o(.text)
    __scatterload                            0x0800016d   Thumb Code    28  init.o(.text)
    __scatterload_rt2                        0x0800016d   Thumb Code     0  init.o(.text)
    __decompress                             0x08000191   Thumb Code     0  __dczerorl2.o(.text)
    __decompress1                            0x08000191   Thumb Code    86  __dczerorl2.o(.text)
    BusFault_Handler                         0x080001e7   Thumb Code     2  stm32f1xx_it.o(i.BusFault_Handler)
    CRC16_Table                              0x08000245   Thumb Code    36  crc_table.o(i.CRC16_Table)
    CRC8_Table                               0x0800026d   Thumb Code    26  crc_table.o(i.CRC8_Table)
    DMA1_Channel4_IRQHandler                 0x0800028d   Thumb Code     6  stm32f1xx_it.o(i.DMA1_Channel4_IRQHandler)
    DMA1_Channel5_IRQHandler                 0x08000299   Thumb Code     6  stm32f1xx_it.o(i.DMA1_Channel5_IRQHandler)
    DebugMon_Handler                         0x080002cf   Thumb Code     2  stm32f1xx_it.o(i.DebugMon_Handler)
    Error_Handler                            0x080002d1   Thumb Code     2  main.o(i.Error_Handler)
    HAL_DMA_Abort_IT                         0x080002d5   Thumb Code   148  stm32f1xx_hal_dma.o(i.HAL_DMA_Abort_IT)
    HAL_DMA_IRQHandler                       0x0800036d   Thumb Code   316  stm32f1xx_hal_dma.o(i.HAL_DMA_IRQHandler)
    HAL_DMA_Init                             0x080004c1   Thumb Code    84  stm32f1xx_hal_dma.o(i.HAL_DMA_Init)
    HAL_DMA_Start_IT                         0x0800051d   Thumb Code   112  stm32f1xx_hal_dma.o(i.HAL_DMA_Start_IT)
    HAL_GPIO_Init                            0x0800058d   Thumb Code   408  stm32f1xx_hal_gpio.o(i.HAL_GPIO_Init)
    HAL_GetTick                              0x08000749   Thumb Code     6  stm32f1xx_hal.o(i.HAL_GetTick)
    HAL_IncTick                              0x08000755   Thumb Code    12  stm32f1xx_hal.o(i.HAL_IncTick)
    HAL_Init                                 0x08000765   Thumb Code    32  stm32f1xx_hal.o(i.HAL_Init)
    HAL_InitTick                             0x08000789   Thumb Code    54  stm32f1xx_hal.o(i.HAL_InitTick)
    HAL_MspInit                              0x080007c9   Thumb Code    52  stm32f1xx_hal_msp.o(i.HAL_MspInit)
    HAL_NVIC_EnableIRQ                       0x08000805   Thumb Code    22  stm32f1xx_hal_cortex.o(i.HAL_NVIC_EnableIRQ)
    HAL_NVIC_SetPriority                     0x0800081d   Thumb Code    60  stm32f1xx_hal_cortex.o(i.HAL_NVIC_SetPriority)
    HAL_NVIC_SetPriorityGrouping             0x0800085d   Thumb Code    26  stm32f1xx_hal_cortex.o(i.HAL_NVIC_SetPriorityGrouping)
    HAL_PCDEx_PMAConfig                      0x08000881   Thumb Code    52  stm32f1xx_hal_pcd_ex.o(i.HAL_PCDEx_PMAConfig)
    HAL_PCDEx_SetConnectionState             0x080008b5   Thumb Code     2  usbd_conf.o(i.HAL_PCDEx_SetConnectionState)
    HAL_PCD_DataInStageCallback              0x080008b7   Thumb Code    14  usbd_conf.o(i.HAL_PCD_DataInStageCallback)
    HAL_PCD_DataOutStageCallback             0x080008c5   Thumb Code    16  usbd_conf.o(i.HAL_PCD_DataOutStageCallback)
    HAL_PCD_EP_Close                         0x080008d5   Thumb Code    64  stm32f1xx_hal_pcd.o(i.HAL_PCD_EP_Close)
    HAL_PCD_EP_ClrStall                      0x08000915   Thumb Code    72  stm32f1xx_hal_pcd.o(i.HAL_PCD_EP_ClrStall)
    HAL_PCD_EP_GetRxCount                    0x0800095d   Thumb Code    16  stm32f1xx_hal_pcd.o(i.HAL_PCD_EP_GetRxCount)
    HAL_PCD_EP_Open                          0x0800096d   Thumb Code    68  stm32f1xx_hal_pcd.o(i.HAL_PCD_EP_Open)
    HAL_PCD_EP_Receive                       0x080009b1   Thumb Code    46  stm32f1xx_hal_pcd.o(i.HAL_PCD_EP_Receive)
    HAL_PCD_EP_SetStall                      0x080009df   Thumb Code    86  stm32f1xx_hal_pcd.o(i.HAL_PCD_EP_SetStall)
    HAL_PCD_EP_Transmit                      0x08000a35   Thumb Code    42  stm32f1xx_hal_pcd.o(i.HAL_PCD_EP_Transmit)
    HAL_PCD_IRQHandler                       0x08000a5f   Thumb Code   268  stm32f1xx_hal_pcd.o(i.HAL_PCD_IRQHandler)
    HAL_PCD_Init                             0x08000b6d   Thumb Code   192  stm32f1xx_hal_pcd.o(i.HAL_PCD_Init)
    HAL_PCD_MspInit                          0x08000c2d   Thumb Code    50  usbd_conf.o(i.HAL_PCD_MspInit)
    HAL_PCD_ResetCallback                    0x08000c69   Thumb Code    38  usbd_conf.o(i.HAL_PCD_ResetCallback)
    HAL_PCD_ResumeCallback                   0x08000c8f   Thumb Code     8  usbd_conf.o(i.HAL_PCD_ResumeCallback)
    HAL_PCD_SOFCallback                      0x08000c97   Thumb Code     8  usbd_conf.o(i.HAL_PCD_SOFCallback)
    HAL_PCD_SetAddress                       0x08000c9f   Thumb Code    40  stm32f1xx_hal_pcd.o(i.HAL_PCD_SetAddress)
    HAL_PCD_SetupStageCallback               0x08000cc7   Thumb Code    14  usbd_conf.o(i.HAL_PCD_SetupStageCallback)
    HAL_PCD_Start                            0x08000cd5   Thumb Code    50  stm32f1xx_hal_pcd.o(i.HAL_PCD_Start)
    HAL_PCD_SuspendCallback                  0x08000d09   Thumb Code    30  usbd_conf.o(i.HAL_PCD_SuspendCallback)
    HAL_RCCEx_PeriphCLKConfig                0x08000d2d   Thumb Code   224  stm32f1xx_hal_rcc_ex.o(i.HAL_RCCEx_PeriphCLKConfig)
    HAL_RCC_ClockConfig                      0x08000e19   Thumb Code   346  stm32f1xx_hal_rcc.o(i.HAL_RCC_ClockConfig)
    HAL_RCC_GetPCLK1Freq                     0x08000f85   Thumb Code    20  stm32f1xx_hal_rcc.o(i.HAL_RCC_GetPCLK1Freq)
    HAL_RCC_GetPCLK2Freq                     0x08000fa5   Thumb Code    20  stm32f1xx_hal_rcc.o(i.HAL_RCC_GetPCLK2Freq)
    HAL_RCC_GetSysClockFreq                  0x08000fc5   Thumb Code    74  stm32f1xx_hal_rcc.o(i.HAL_RCC_GetSysClockFreq)
    HAL_RCC_OscConfig                        0x08001031   Thumb Code   750  stm32f1xx_hal_rcc.o(i.HAL_RCC_OscConfig)
    HAL_SYSTICK_Config                       0x08001335   Thumb Code    40  stm32f1xx_hal_cortex.o(i.HAL_SYSTICK_Config)
    HAL_UART_ErrorCallback                   0x0800135d   Thumb Code     2  stm32f1xx_hal_uart.o(i.HAL_UART_ErrorCallback)
    HAL_UART_IRQHandler                      0x08001361   Thumb Code   266  stm32f1xx_hal_uart.o(i.HAL_UART_IRQHandler)
    HAL_UART_Init                            0x08001471   Thumb Code    98  stm32f1xx_hal_uart.o(i.HAL_UART_Init)
    HAL_UART_MspInit                         0x080014d5   Thumb Code   194  stm32f1xx_hal_msp.o(i.HAL_UART_MspInit)
    HAL_UART_Receive_DMA                     0x080015b1   Thumb Code   138  stm32f1xx_hal_uart.o(i.HAL_UART_Receive_DMA)
    HAL_UART_RxCpltCallback                  0x08001649   Thumb Code     2  stm32f1xx_hal_uart.o(i.HAL_UART_RxCpltCallback)
    HAL_UART_RxHalfCpltCallback              0x0800164b   Thumb Code     2  stm32f1xx_hal_uart.o(i.HAL_UART_RxHalfCpltCallback)
    HAL_UART_TxCpltCallback                  0x0800164d   Thumb Code     2  stm32f1xx_hal_uart.o(i.HAL_UART_TxCpltCallback)
    HardFault_Handler                        0x0800164f   Thumb Code     2  stm32f1xx_it.o(i.HardFault_Handler)
    MX_USB_DEVICE_Init                       0x08001689   Thumb Code    66  usb_device.o(i.MX_USB_DEVICE_Init)
    MemManage_Handler                        0x080016dd   Thumb Code     2  stm32f1xx_it.o(i.MemManage_Handler)
    NMI_Handler                              0x080016df   Thumb Code     2  stm32f1xx_it.o(i.NMI_Handler)
    PendSV_Handler                           0x08001a63   Thumb Code     2  stm32f1xx_it.o(i.PendSV_Handler)
    SVC_Handler                              0x08001a65   Thumb Code     2  stm32f1xx_it.o(i.SVC_Handler)
    SysTick_Handler                          0x08001a67   Thumb Code     4  stm32f1xx_it.o(i.SysTick_Handler)
    SystemClock_Config                       0x08001a6b   Thumb Code    96  main.o(i.SystemClock_Config)
    SystemInit                               0x08001acd   Thumb Code    56  system_stm32f1xx.o(i.SystemInit)
    UART_RxIdleCallback                      0x08001c79   Thumb Code    50  main.o(i.UART_RxIdleCallback)
    USART1_IRQHandler                        0x08001e89   Thumb Code    42  stm32f1xx_it.o(i.USART1_IRQHandler)
    USBD_CDC_GetDeviceQualifierDescriptor    0x08001f5d   Thumb Code     8  usbd_cdc.o(i.USBD_CDC_GetDeviceQualifierDescriptor)
    USBD_CDC_ReceivePacket                   0x08002015   Thumb Code    40  usbd_cdc.o(i.USBD_CDC_ReceivePacket)
    USBD_CDC_RegisterInterface               0x0800203d   Thumb Code    16  usbd_cdc.o(i.USBD_CDC_RegisterInterface)
    USBD_CDC_SetRxBuffer                     0x0800204d   Thumb Code    12  usbd_cdc.o(i.USBD_CDC_SetRxBuffer)
    USBD_CDC_SetTxBuffer                     0x08002059   Thumb Code    16  usbd_cdc.o(i.USBD_CDC_SetTxBuffer)
    USBD_ClrClassConfig                      0x080020d9   Thumb Code    14  usbd_core.o(i.USBD_ClrClassConfig)
    USBD_CtlContinueRx                       0x080020e7   Thumb Code    16  usbd_ioreq.o(i.USBD_CtlContinueRx)
    USBD_CtlContinueSendData                 0x080020f7   Thumb Code    16  usbd_ioreq.o(i.USBD_CtlContinueSendData)
    USBD_CtlError                            0x08002107   Thumb Code    22  usbd_ctlreq.o(i.USBD_CtlError)
    USBD_CtlPrepareRx                        0x0800211d   Thumb Code    30  usbd_ioreq.o(i.USBD_CtlPrepareRx)
    USBD_CtlReceiveStatus                    0x0800213b   Thumb Code    22  usbd_ioreq.o(i.USBD_CtlReceiveStatus)
    USBD_CtlSendData                         0x08002151   Thumb Code    26  usbd_ioreq.o(i.USBD_CtlSendData)
    USBD_CtlSendStatus                       0x0800216b   Thumb Code    22  usbd_ioreq.o(i.USBD_CtlSendStatus)
    USBD_FS_ConfigStrDescriptor              0x08002181   Thumb Code    16  usbd_desc.o(i.USBD_FS_ConfigStrDescriptor)
    USBD_FS_DeviceDescriptor                 0x080021a1   Thumb Code     8  usbd_desc.o(i.USBD_FS_DeviceDescriptor)
    USBD_FS_InterfaceStrDescriptor           0x080021ad   Thumb Code    16  usbd_desc.o(i.USBD_FS_InterfaceStrDescriptor)
    USBD_FS_LangIDStrDescriptor              0x080021d1   Thumb Code     8  usbd_desc.o(i.USBD_FS_LangIDStrDescriptor)
    USBD_FS_ManufacturerStrDescriptor        0x080021dd   Thumb Code    16  usbd_desc.o(i.USBD_FS_ManufacturerStrDescriptor)
    USBD_FS_ProductStrDescriptor             0x080021f9   Thumb Code    16  usbd_desc.o(i.USBD_FS_ProductStrDescriptor)
    USBD_FS_SerialStrDescriptor              0x0800221d   Thumb Code    48  usbd_desc.o(i.USBD_FS_SerialStrDescriptor)
    USBD_GetString                           0x08002335   Thumb Code    70  usbd_ctlreq.o(i.USBD_GetString)
    USBD_Init                                0x08002393   Thumb Code    42  usbd_core.o(i.USBD_Init)
    USBD_LL_ClearStallEP                     0x080023bd   Thumb Code    18  usbd_conf.o(i.USBD_LL_ClearStallEP)
    USBD_LL_CloseEP                          0x080023cf   Thumb Code    18  usbd_conf.o(i.USBD_LL_CloseEP)
    USBD_LL_DataInStage                      0x080023e1   Thumb Code   170  usbd_core.o(i.USBD_LL_DataInStage)
    USBD_LL_DataOutStage                     0x0800248b   Thumb Code   106  usbd_core.o(i.USBD_LL_DataOutStage)
    USBD_LL_GetRxDataSize                    0x080024f5   Thumb Code     8  usbd_conf.o(i.USBD_LL_GetRxDataSize)
    USBD_LL_Init                             0x080024fd   Thumb Code   118  usbd_conf.o(i.USBD_LL_Init)
    USBD_LL_IsStallEP                        0x0800257d   Thumb Code    28  usbd_conf.o(i.USBD_LL_IsStallEP)
    USBD_LL_OpenEP                           0x08002599   Thumb Code    24  usbd_conf.o(i.USBD_LL_OpenEP)
    USBD_LL_PrepareReceive                   0x080025b1   Thumb Code    18  usbd_conf.o(i.USBD_LL_PrepareReceive)
    USBD_LL_Reset                            0x080025c3   Thumb Code    62  usbd_core.o(i.USBD_LL_Reset)
    USBD_LL_Resume                           0x08002601   Thumb Code    12  usbd_core.o(i.USBD_LL_Resume)
    USBD_LL_SOF                              0x0800260d   Thumb Code    24  usbd_core.o(i.USBD_LL_SOF)
    USBD_LL_SetSpeed                         0x08002625   Thumb Code     6  usbd_core.o(i.USBD_LL_SetSpeed)
    USBD_LL_SetUSBAddress                    0x0800262b   Thumb Code    18  usbd_conf.o(i.USBD_LL_SetUSBAddress)
    USBD_LL_SetupStage                       0x0800263d   Thumb Code    90  usbd_core.o(i.USBD_LL_SetupStage)
    USBD_LL_StallEP                          0x08002697   Thumb Code    18  usbd_conf.o(i.USBD_LL_StallEP)
    USBD_LL_Start                            0x080026a9   Thumb Code    18  usbd_conf.o(i.USBD_LL_Start)
    USBD_LL_Suspend                          0x080026bb   Thumb Code    18  usbd_core.o(i.USBD_LL_Suspend)
    USBD_LL_Transmit                         0x080026cd   Thumb Code    18  usbd_conf.o(i.USBD_LL_Transmit)
    USBD_ParseSetupRequest                   0x080026df   Thumb Code    40  usbd_ctlreq.o(i.USBD_ParseSetupRequest)
    USBD_RegisterClass                       0x08002707   Thumb Code    16  usbd_core.o(i.USBD_RegisterClass)
    USBD_SetClassConfig                      0x08002717   Thumb Code    22  usbd_core.o(i.USBD_SetClassConfig)
    USBD_Start                               0x080027a1   Thumb Code    10  usbd_core.o(i.USBD_Start)
    USBD_StdDevReq                           0x080027ab   Thumb Code   242  usbd_ctlreq.o(i.USBD_StdDevReq)
    USBD_StdEPReq                            0x0800289d   Thumb Code   220  usbd_ctlreq.o(i.USBD_StdEPReq)
    USBD_StdItfReq                           0x08002979   Thumb Code    52  usbd_ctlreq.o(i.USBD_StdItfReq)
    USBD_static_free                         0x080029ad   Thumb Code     2  usbd_conf.o(i.USBD_static_free)
    USBD_static_malloc                       0x080029b1   Thumb Code     4  usbd_conf.o(i.USBD_static_malloc)
    USB_ActivateEndpoint                     0x080029b9   Thumb Code   604  stm32f1xx_ll_usb.o(i.USB_ActivateEndpoint)
    USB_CoreInit                             0x08002c15   Thumb Code     4  stm32f1xx_ll_usb.o(i.USB_CoreInit)
    USB_DeactivateEndpoint                   0x08002c19   Thumb Code   292  stm32f1xx_ll_usb.o(i.USB_DeactivateEndpoint)
    USB_DevConnect                           0x08002d3d   Thumb Code     4  stm32f1xx_ll_usb.o(i.USB_DevConnect)
    USB_DevDisconnect                        0x08002d41   Thumb Code     4  stm32f1xx_ll_usb.o(i.USB_DevDisconnect)
    USB_DevInit                              0x08002d45   Thumb Code    30  stm32f1xx_ll_usb.o(i.USB_DevInit)
    USB_DisableGlobalInt                     0x08002d63   Thumb Code    14  stm32f1xx_ll_usb.o(i.USB_DisableGlobalInt)
    USB_EP0_OutStart                         0x08002d71   Thumb Code     4  stm32f1xx_ll_usb.o(i.USB_EP0_OutStart)
    USB_EPClearStall                         0x08002d75   Thumb Code   106  stm32f1xx_ll_usb.o(i.USB_EPClearStall)
    USB_EPSetStall                           0x08002ddf   Thumb Code    74  stm32f1xx_ll_usb.o(i.USB_EPSetStall)
    USB_EPStartXfer                          0x08002e29   Thumb Code   426  stm32f1xx_ll_usb.o(i.USB_EPStartXfer)
    USB_EnableGlobalInt                      0x08002fd3   Thumb Code    14  stm32f1xx_ll_usb.o(i.USB_EnableGlobalInt)
    USB_LP_CAN1_RX0_IRQHandler               0x08002fe1   Thumb Code     6  stm32f1xx_it.o(i.USB_LP_CAN1_RX0_IRQHandler)
    USB_ReadInterrupts                       0x08002fed   Thumb Code     6  stm32f1xx_ll_usb.o(i.USB_ReadInterrupts)
    USB_ReadPMA                              0x08002ff5   Thumb Code    30  stm32f1xx_ll_usb.o(i.USB_ReadPMA)
    USB_SetCurrentMode                       0x08003013   Thumb Code     4  stm32f1xx_ll_usb.o(i.USB_SetCurrentMode)
    USB_SetDevAddress                        0x08003017   Thumb Code    12  stm32f1xx_ll_usb.o(i.USB_SetDevAddress)
    USB_WritePMA                             0x08003023   Thumb Code    38  stm32f1xx_ll_usb.o(i.USB_WritePMA)
    UsageFault_Handler                       0x08003049   Thumb Code     2  stm32f1xx_it.o(i.UsageFault_Handler)
    __scatterload_copy                       0x0800304b   Thumb Code    14  handlers.o(i.__scatterload_copy)
    __scatterload_null                       0x08003059   Thumb Code     2  handlers.o(i.__scatterload_null)
    __scatterload_zeroinit                   0x0800305b   Thumb Code    14  handlers.o(i.__scatterload_zeroinit)
    fdiComProtocolInit                       0x08003069   Thumb Code    28  fdilink.o(i.fdiComProtocolInit)
    fdiComProtocolReceive                    0x08003085   Thumb Code    56  fdilink.o(i.fdiComProtocolReceive)
    fdiDecodeBuffer                          0x080030bd   Thumb Code   256  fdi_receive.o(i.fdiDecodeBuffer)
    fdiInsertBuffer                          0x080031c1   Thumb Code    46  fdilink.o(i.fdiInsertBuffer)
    fdiResetAll                              0x080031ef   Thumb Code    14  fdilink.o(i.fdiResetAll)
    fdiRuningReceiveData                     0x080031fd   Thumb Code   190  fdilink.o(i.fdiRuningReceiveData)
    main                                     0x080032bd   Thumb Code   164  main.o(i.main)
    LineCoding                               0x0800336c   Data           8  usbd_cdc_if.o(.constdata)
    AHBPrescTable                            0x08003374   Data          16  system_stm32f1xx.o(.constdata)
    APBPrescTable                            0x08003384   Data           8  system_stm32f1xx.o(.constdata)
    CRC8Table                                0x0800338c   Data         256  crc_table.o(.constdata)
    CRC16Table                               0x0800348c   Data         512  crc_table.o(.constdata)
    CRC32Table                               0x0800368c   Data        1024  crc_table.o(.constdata)
    Region$$Table$$Base                      0x08003a8c   Number         0  anon$$obj.o(Region$$Table)
    Region$$Table$$Limit                     0x08003aac   Number         0  anon$$obj.o(Region$$Table)
    FS_Desc                                  0x20000000   Data          28  usbd_desc.o(.data)
    USBD_LangIDDesc                          0x2000001c   Data           4  usbd_desc.o(.data)
    USBD_FS_DeviceDesc                       0x20000020   Data          18  usbd_desc.o(.data)
    USBD_StringSerial                        0x20000034   Data          26  usbd_desc.o(.data)
    USBD_Interface_fops_FS                   0x20000050   Data          16  usbd_cdc_if.o(.data)
    uwTickFreq                               0x20000060   Data           1  stm32f1xx_hal.o(.data)
    uwTickPrio                               0x20000064   Data           4  stm32f1xx_hal.o(.data)
    uwTick                                   0x20000068   Data           4  stm32f1xx_hal.o(.data)
    SystemCoreClock                          0x2000006c   Data           4  system_stm32f1xx.o(.data)
    USBD_CDC_CfgHSDesc                       0x20000084   Data          67  usbd_cdc.o(.data)
    USBD_CDC_CfgFSDesc                       0x200000c8   Data          67  usbd_cdc.o(.data)
    USBD_CDC_OtherSpeedCfgDesc               0x2000010c   Data          67  usbd_cdc.o(.data)
    USBD_CDC                                 0x20000150   Data          56  usbd_cdc.o(.data)
    huart1                                   0x20000188   Data          64  main.o(.bss)
    hdma_usart1_rx                           0x200003f8   Data          68  main.o(.bss)
    hdma_usart1_tx                           0x2000043c   Data          68  main.o(.bss)
    hUsbDeviceFS                             0x20000480   Data         548  usb_device.o(.bss)
    USBD_StrDesc                             0x200006a4   Data         512  usbd_desc.o(.bss)
    UserRxBufferFS                           0x200008a4   Data        1000  usbd_cdc_if.o(.bss)
    UserTxBufferFS                           0x20000c8c   Data        1000  usbd_cdc_if.o(.bss)
    hpcd_USB_FS                              0x20001294   Data        1120  usbd_conf.o(.bss)
    IMUData                                  0x200016f4   Data          56  fdi_receive.o(.bss)
    __initial_sp                             0x20001b30   Data           0  startup_stm32f103xb.o(STACK)



==============================================================================

Memory Map of the image

  Image Entry point : 0x080000ed

  Load Region LR_IROM1 (Base: 0x08000000, Size: 0x00003c34, Max: 0x00010000, ABSOLUTE, COMPRESSED[0x00003b74])

    Execution Region ER_IROM1 (Exec base: 0x08000000, Load base: 0x08000000, Size: 0x00003aac, Max: 0x00010000, ABSOLUTE)

    Exec Addr    Load Addr    Size         Type   Attr      Idx    E Section Name        Object

    0x08000000   0x08000000   0x000000ec   Data   RO            3    RESET               startup_stm32f103xb.o
    0x080000ec   0x080000ec   0x00000000   Code   RO         3354  * .ARM.Collect$$$$00000000  mc_w.l(entry.o)
    0x080000ec   0x080000ec   0x00000004   Code   RO         3632    .ARM.Collect$$$$00000001  mc_w.l(entry2.o)
    0x080000f0   0x080000f0   0x00000004   Code   RO         3635    .ARM.Collect$$$$00000004  mc_w.l(entry5.o)
    0x080000f4   0x080000f4   0x00000000   Code   RO         3637    .ARM.Collect$$$$00000008  mc_w.l(entry7b.o)
    0x080000f4   0x080000f4   0x00000000   Code   RO         3639    .ARM.Collect$$$$0000000A  mc_w.l(entry8b.o)
    0x080000f4   0x080000f4   0x00000008   Code   RO         3640    .ARM.Collect$$$$0000000B  mc_w.l(entry9a.o)
    0x080000fc   0x080000fc   0x00000000   Code   RO         3642    .ARM.Collect$$$$0000000D  mc_w.l(entry10a.o)
    0x080000fc   0x080000fc   0x00000000   Code   RO         3644    .ARM.Collect$$$$0000000F  mc_w.l(entry11a.o)
    0x080000fc   0x080000fc   0x00000004   Code   RO         3633    .ARM.Collect$$$$00002712  mc_w.l(entry2.o)
    0x08000100   0x08000100   0x00000024   Code   RO            4    .text               startup_stm32f103xb.o
    0x08000124   0x08000124   0x00000024   Code   RO         3359    .text               mc_w.l(memcpya.o)
    0x08000148   0x08000148   0x00000024   Code   RO         3361    .text               mc_w.l(memseta.o)
    0x0800016c   0x0800016c   0x00000024   Code   RO         3664    .text               mc_w.l(init.o)
    0x08000190   0x08000190   0x00000056   Code   RO         3680    .text               mc_w.l(__dczerorl2.o)
    0x080001e6   0x080001e6   0x00000002   Code   RO          191    i.BusFault_Handler  stm32f1xx_it.o
    0x080001e8   0x080001e8   0x0000001c   Code   RO          465    i.CDC_Control_FS    usbd_cdc_if.o
    0x08000204   0x08000204   0x00000004   Code   RO          466    i.CDC_DeInit_FS     usbd_cdc_if.o
    0x08000208   0x08000208   0x00000024   Code   RO          467    i.CDC_Init_FS       usbd_cdc_if.o
    0x0800022c   0x0800022c   0x00000018   Code   RO          468    i.CDC_Receive_FS    usbd_cdc_if.o
    0x08000244   0x08000244   0x00000028   Code   RO         2952    i.CRC16_Table       crc_table.o
    0x0800026c   0x0800026c   0x00000020   Code   RO         2954    i.CRC8_Table        crc_table.o
    0x0800028c   0x0800028c   0x0000000c   Code   RO          192    i.DMA1_Channel4_IRQHandler  stm32f1xx_it.o
    0x08000298   0x08000298   0x0000000c   Code   RO          193    i.DMA1_Channel5_IRQHandler  stm32f1xx_it.o
    0x080002a4   0x080002a4   0x0000002a   Code   RO         1983    i.DMA_SetConfig     stm32f1xx_hal_dma.o
    0x080002ce   0x080002ce   0x00000002   Code   RO          194    i.DebugMon_Handler  stm32f1xx_it.o
    0x080002d0   0x080002d0   0x00000002   Code   RO           13    i.Error_Handler     main.o
    0x080002d2   0x080002d2   0x00000002   PAD
    0x080002d4   0x080002d4   0x00000098   Code   RO         1985    i.HAL_DMA_Abort_IT  stm32f1xx_hal_dma.o
    0x0800036c   0x0800036c   0x00000154   Code   RO         1989    i.HAL_DMA_IRQHandler  stm32f1xx_hal_dma.o
    0x080004c0   0x080004c0   0x0000005c   Code   RO         1990    i.HAL_DMA_Init      stm32f1xx_hal_dma.o
    0x0800051c   0x0800051c   0x00000070   Code   RO         1994    i.HAL_DMA_Start_IT  stm32f1xx_hal_dma.o
    0x0800058c   0x0800058c   0x000001bc   Code   RO         1916    i.HAL_GPIO_Init     stm32f1xx_hal_gpio.o
    0x08000748   0x08000748   0x0000000c   Code   RO         1612    i.HAL_GetTick       stm32f1xx_hal.o
    0x08000754   0x08000754   0x00000010   Code   RO         1616    i.HAL_IncTick       stm32f1xx_hal.o
    0x08000764   0x08000764   0x00000024   Code   RO         1617    i.HAL_Init          stm32f1xx_hal.o
    0x08000788   0x08000788   0x00000040   Code   RO         1618    i.HAL_InitTick      stm32f1xx_hal.o
    0x080007c8   0x080007c8   0x0000003c   Code   RO          295    i.HAL_MspInit       stm32f1xx_hal_msp.o
    0x08000804   0x08000804   0x00000016   Code   RO         2084    i.HAL_NVIC_EnableIRQ  stm32f1xx_hal_cortex.o
    0x0800081a   0x0800081a   0x00000002   PAD
    0x0800081c   0x0800081c   0x00000040   Code   RO         2090    i.HAL_NVIC_SetPriority  stm32f1xx_hal_cortex.o
    0x0800085c   0x0800085c   0x00000024   Code   RO         2091    i.HAL_NVIC_SetPriorityGrouping  stm32f1xx_hal_cortex.o
    0x08000880   0x08000880   0x00000034   Code   RO          997    i.HAL_PCDEx_PMAConfig  stm32f1xx_hal_pcd_ex.o
    0x080008b4   0x080008b4   0x00000002   Code   RO          522    i.HAL_PCDEx_SetConnectionState  usbd_conf.o
    0x080008b6   0x080008b6   0x0000000e   Code   RO          524    i.HAL_PCD_DataInStageCallback  usbd_conf.o
    0x080008c4   0x080008c4   0x00000010   Code   RO          525    i.HAL_PCD_DataOutStageCallback  usbd_conf.o
    0x080008d4   0x080008d4   0x00000040   Code   RO          787    i.HAL_PCD_EP_Close  stm32f1xx_hal_pcd.o
    0x08000914   0x08000914   0x00000048   Code   RO          788    i.HAL_PCD_EP_ClrStall  stm32f1xx_hal_pcd.o
    0x0800095c   0x0800095c   0x00000010   Code   RO          790    i.HAL_PCD_EP_GetRxCount  stm32f1xx_hal_pcd.o
    0x0800096c   0x0800096c   0x00000044   Code   RO          791    i.HAL_PCD_EP_Open   stm32f1xx_hal_pcd.o
    0x080009b0   0x080009b0   0x0000002e   Code   RO          792    i.HAL_PCD_EP_Receive  stm32f1xx_hal_pcd.o
    0x080009de   0x080009de   0x00000056   Code   RO          793    i.HAL_PCD_EP_SetStall  stm32f1xx_hal_pcd.o
    0x08000a34   0x08000a34   0x0000002a   Code   RO          794    i.HAL_PCD_EP_Transmit  stm32f1xx_hal_pcd.o
    0x08000a5e   0x08000a5e   0x0000010c   Code   RO          796    i.HAL_PCD_IRQHandler  stm32f1xx_hal_pcd.o
    0x08000b6a   0x08000b6a   0x00000002   PAD
    0x08000b6c   0x08000b6c   0x000000c0   Code   RO          799    i.HAL_PCD_Init      stm32f1xx_hal_pcd.o
    0x08000c2c   0x08000c2c   0x0000003c   Code   RO          530    i.HAL_PCD_MspInit   usbd_conf.o
    0x08000c68   0x08000c68   0x00000026   Code   RO          531    i.HAL_PCD_ResetCallback  usbd_conf.o
    0x08000c8e   0x08000c8e   0x00000008   Code   RO          532    i.HAL_PCD_ResumeCallback  usbd_conf.o
    0x08000c96   0x08000c96   0x00000008   Code   RO          533    i.HAL_PCD_SOFCallback  usbd_conf.o
    0x08000c9e   0x08000c9e   0x00000028   Code   RO          805    i.HAL_PCD_SetAddress  stm32f1xx_hal_pcd.o
    0x08000cc6   0x08000cc6   0x0000000e   Code   RO          534    i.HAL_PCD_SetupStageCallback  usbd_conf.o
    0x08000cd4   0x08000cd4   0x00000032   Code   RO          807    i.HAL_PCD_Start     stm32f1xx_hal_pcd.o
    0x08000d06   0x08000d06   0x00000002   PAD
    0x08000d08   0x08000d08   0x00000024   Code   RO          535    i.HAL_PCD_SuspendCallback  usbd_conf.o
    0x08000d2c   0x08000d2c   0x000000ec   Code   RO         1875    i.HAL_RCCEx_PeriphCLKConfig  stm32f1xx_hal_rcc_ex.o
    0x08000e18   0x08000e18   0x0000016c   Code   RO         1768    i.HAL_RCC_ClockConfig  stm32f1xx_hal_rcc.o
    0x08000f84   0x08000f84   0x00000020   Code   RO         1775    i.HAL_RCC_GetPCLK1Freq  stm32f1xx_hal_rcc.o
    0x08000fa4   0x08000fa4   0x00000020   Code   RO         1776    i.HAL_RCC_GetPCLK2Freq  stm32f1xx_hal_rcc.o
    0x08000fc4   0x08000fc4   0x0000006c   Code   RO         1777    i.HAL_RCC_GetSysClockFreq  stm32f1xx_hal_rcc.o
    0x08001030   0x08001030   0x00000304   Code   RO         1780    i.HAL_RCC_OscConfig  stm32f1xx_hal_rcc.o
    0x08001334   0x08001334   0x00000028   Code   RO         2095    i.HAL_SYSTICK_Config  stm32f1xx_hal_cortex.o
    0x0800135c   0x0800135c   0x00000002   Code   RO         1292    i.HAL_UART_ErrorCallback  stm32f1xx_hal_uart.o
    0x0800135e   0x0800135e   0x00000002   PAD
    0x08001360   0x08001360   0x00000110   Code   RO         1295    i.HAL_UART_IRQHandler  stm32f1xx_hal_uart.o
    0x08001470   0x08001470   0x00000062   Code   RO         1296    i.HAL_UART_Init     stm32f1xx_hal_uart.o
    0x080014d2   0x080014d2   0x00000002   PAD
    0x080014d4   0x080014d4   0x000000dc   Code   RO          297    i.HAL_UART_MspInit  stm32f1xx_hal_msp.o
    0x080015b0   0x080015b0   0x00000098   Code   RO         1300    i.HAL_UART_Receive_DMA  stm32f1xx_hal_uart.o
    0x08001648   0x08001648   0x00000002   Code   RO         1302    i.HAL_UART_RxCpltCallback  stm32f1xx_hal_uart.o
    0x0800164a   0x0800164a   0x00000002   Code   RO         1303    i.HAL_UART_RxHalfCpltCallback  stm32f1xx_hal_uart.o
    0x0800164c   0x0800164c   0x00000002   Code   RO         1307    i.HAL_UART_TxCpltCallback  stm32f1xx_hal_uart.o
    0x0800164e   0x0800164e   0x00000002   Code   RO          195    i.HardFault_Handler  stm32f1xx_it.o
    0x08001650   0x08001650   0x00000038   Code   RO          388    i.IntToUnicode      usbd_desc.o
    0x08001688   0x08001688   0x00000054   Code   RO          336    i.MX_USB_DEVICE_Init  usb_device.o
    0x080016dc   0x080016dc   0x00000002   Code   RO          196    i.MemManage_Handler  stm32f1xx_it.o
    0x080016de   0x080016de   0x00000002   Code   RO          197    i.NMI_Handler       stm32f1xx_it.o
    0x080016e0   0x080016e0   0x00000020   Code   RO         2097    i.NVIC_SetPriority  stm32f1xx_hal_cortex.o
    0x08001700   0x08001700   0x00000362   Code   RO          810    i.PCD_EP_ISR_Handler  stm32f1xx_hal_pcd.o
    0x08001a62   0x08001a62   0x00000002   Code   RO          198    i.PendSV_Handler    stm32f1xx_it.o
    0x08001a64   0x08001a64   0x00000002   Code   RO          199    i.SVC_Handler       stm32f1xx_it.o
    0x08001a66   0x08001a66   0x00000004   Code   RO          200    i.SysTick_Handler   stm32f1xx_it.o
    0x08001a6a   0x08001a6a   0x00000060   Code   RO           14    i.SystemClock_Config  main.o
    0x08001aca   0x08001aca   0x00000002   PAD
    0x08001acc   0x08001acc   0x00000048   Code   RO         2529    i.SystemInit        system_stm32f1xx.o
    0x08001b14   0x08001b14   0x00000010   Code   RO         1309    i.UART_DMAAbortOnError  stm32f1xx_hal_uart.o
    0x08001b24   0x08001b24   0x0000004a   Code   RO         1310    i.UART_DMAError     stm32f1xx_hal_uart.o
    0x08001b6e   0x08001b6e   0x0000003c   Code   RO         1311    i.UART_DMAReceiveCplt  stm32f1xx_hal_uart.o
    0x08001baa   0x08001baa   0x0000000a   Code   RO         1313    i.UART_DMARxHalfCplt  stm32f1xx_hal_uart.o
    0x08001bb4   0x08001bb4   0x0000001c   Code   RO         1319    i.UART_EndRxTransfer  stm32f1xx_hal_uart.o
    0x08001bd0   0x08001bd0   0x00000012   Code   RO         1320    i.UART_EndTxTransfer  stm32f1xx_hal_uart.o
    0x08001be2   0x08001be2   0x00000096   Code   RO         1321    i.UART_Receive_IT   stm32f1xx_hal_uart.o
    0x08001c78   0x08001c78   0x0000003c   Code   RO           15    i.UART_RxIdleCallback  main.o
    0x08001cb4   0x08001cb4   0x00000170   Code   RO         1322    i.UART_SetConfig    stm32f1xx_hal_uart.o
    0x08001e24   0x08001e24   0x00000062   Code   RO         1323    i.UART_Transmit_IT  stm32f1xx_hal_uart.o
    0x08001e86   0x08001e86   0x00000002   PAD
    0x08001e88   0x08001e88   0x00000030   Code   RO          201    i.USART1_IRQHandler  stm32f1xx_it.o
    0x08001eb8   0x08001eb8   0x00000014   Code   RO         2845    i.USBD_CDC_DataIn   usbd_cdc.o
    0x08001ecc   0x08001ecc   0x0000002e   Code   RO         2846    i.USBD_CDC_DataOut  usbd_cdc.o
    0x08001efa   0x08001efa   0x0000003c   Code   RO         2847    i.USBD_CDC_DeInit   usbd_cdc.o
    0x08001f36   0x08001f36   0x00000024   Code   RO         2848    i.USBD_CDC_EP0_RxReady  usbd_cdc.o
    0x08001f5a   0x08001f5a   0x00000002   PAD
    0x08001f5c   0x08001f5c   0x0000000c   Code   RO         2849    i.USBD_CDC_GetDeviceQualifierDescriptor  usbd_cdc.o
    0x08001f68   0x08001f68   0x0000000c   Code   RO         2850    i.USBD_CDC_GetFSCfgDesc  usbd_cdc.o
    0x08001f74   0x08001f74   0x0000000c   Code   RO         2851    i.USBD_CDC_GetHSCfgDesc  usbd_cdc.o
    0x08001f80   0x08001f80   0x0000000c   Code   RO         2852    i.USBD_CDC_GetOtherSpeedCfgDesc  usbd_cdc.o
    0x08001f8c   0x08001f8c   0x00000088   Code   RO         2853    i.USBD_CDC_Init     usbd_cdc.o
    0x08002014   0x08002014   0x00000028   Code   RO         2854    i.USBD_CDC_ReceivePacket  usbd_cdc.o
    0x0800203c   0x0800203c   0x00000010   Code   RO         2855    i.USBD_CDC_RegisterInterface  usbd_cdc.o
    0x0800204c   0x0800204c   0x0000000c   Code   RO         2856    i.USBD_CDC_SetRxBuffer  usbd_cdc.o
    0x08002058   0x08002058   0x00000010   Code   RO         2857    i.USBD_CDC_SetTxBuffer  usbd_cdc.o
    0x08002068   0x08002068   0x00000070   Code   RO         2858    i.USBD_CDC_Setup    usbd_cdc.o
    0x080020d8   0x080020d8   0x0000000e   Code   RO         2570    i.USBD_ClrClassConfig  usbd_core.o
    0x080020e6   0x080020e6   0x00000010   Code   RO         2781    i.USBD_CtlContinueRx  usbd_ioreq.o
    0x080020f6   0x080020f6   0x00000010   Code   RO         2782    i.USBD_CtlContinueSendData  usbd_ioreq.o
    0x08002106   0x08002106   0x00000016   Code   RO         2712    i.USBD_CtlError     usbd_ctlreq.o
    0x0800211c   0x0800211c   0x0000001e   Code   RO         2783    i.USBD_CtlPrepareRx  usbd_ioreq.o
    0x0800213a   0x0800213a   0x00000016   Code   RO         2784    i.USBD_CtlReceiveStatus  usbd_ioreq.o
    0x08002150   0x08002150   0x0000001a   Code   RO         2785    i.USBD_CtlSendData  usbd_ioreq.o
    0x0800216a   0x0800216a   0x00000016   Code   RO         2786    i.USBD_CtlSendStatus  usbd_ioreq.o
    0x08002180   0x08002180   0x00000020   Code   RO          389    i.USBD_FS_ConfigStrDescriptor  usbd_desc.o
    0x080021a0   0x080021a0   0x0000000c   Code   RO          390    i.USBD_FS_DeviceDescriptor  usbd_desc.o
    0x080021ac   0x080021ac   0x00000024   Code   RO          391    i.USBD_FS_InterfaceStrDescriptor  usbd_desc.o
    0x080021d0   0x080021d0   0x0000000c   Code   RO          392    i.USBD_FS_LangIDStrDescriptor  usbd_desc.o
    0x080021dc   0x080021dc   0x0000001c   Code   RO          393    i.USBD_FS_ManufacturerStrDescriptor  usbd_desc.o
    0x080021f8   0x080021f8   0x00000024   Code   RO          394    i.USBD_FS_ProductStrDescriptor  usbd_desc.o
    0x0800221c   0x0800221c   0x00000038   Code   RO          395    i.USBD_FS_SerialStrDescriptor  usbd_desc.o
    0x08002254   0x08002254   0x000000e0   Code   RO         2713    i.USBD_GetDescriptor  usbd_ctlreq.o
    0x08002334   0x08002334   0x00000046   Code   RO         2714    i.USBD_GetString    usbd_ctlreq.o
    0x0800237a   0x0800237a   0x00000018   Code   RO          536    i.USBD_Get_USB_Status  usbd_conf.o
    0x08002392   0x08002392   0x0000002a   Code   RO         2572    i.USBD_Init         usbd_core.o
    0x080023bc   0x080023bc   0x00000012   Code   RO          537    i.USBD_LL_ClearStallEP  usbd_conf.o
    0x080023ce   0x080023ce   0x00000012   Code   RO          538    i.USBD_LL_CloseEP   usbd_conf.o
    0x080023e0   0x080023e0   0x000000aa   Code   RO         2573    i.USBD_LL_DataInStage  usbd_core.o
    0x0800248a   0x0800248a   0x0000006a   Code   RO         2574    i.USBD_LL_DataOutStage  usbd_core.o
    0x080024f4   0x080024f4   0x00000008   Code   RO          542    i.USBD_LL_GetRxDataSize  usbd_conf.o
    0x080024fc   0x080024fc   0x00000080   Code   RO          543    i.USBD_LL_Init      usbd_conf.o
    0x0800257c   0x0800257c   0x0000001c   Code   RO          544    i.USBD_LL_IsStallEP  usbd_conf.o
    0x08002598   0x08002598   0x00000018   Code   RO          545    i.USBD_LL_OpenEP    usbd_conf.o
    0x080025b0   0x080025b0   0x00000012   Code   RO          546    i.USBD_LL_PrepareReceive  usbd_conf.o
    0x080025c2   0x080025c2   0x0000003e   Code   RO         2579    i.USBD_LL_Reset     usbd_core.o
    0x08002600   0x08002600   0x0000000c   Code   RO         2580    i.USBD_LL_Resume    usbd_core.o
    0x0800260c   0x0800260c   0x00000018   Code   RO         2581    i.USBD_LL_SOF       usbd_core.o
    0x08002624   0x08002624   0x00000006   Code   RO         2582    i.USBD_LL_SetSpeed  usbd_core.o
    0x0800262a   0x0800262a   0x00000012   Code   RO          547    i.USBD_LL_SetUSBAddress  usbd_conf.o
    0x0800263c   0x0800263c   0x0000005a   Code   RO         2583    i.USBD_LL_SetupStage  usbd_core.o
    0x08002696   0x08002696   0x00000012   Code   RO          548    i.USBD_LL_StallEP   usbd_conf.o
    0x080026a8   0x080026a8   0x00000012   Code   RO          549    i.USBD_LL_Start     usbd_conf.o
    0x080026ba   0x080026ba   0x00000012   Code   RO         2584    i.USBD_LL_Suspend   usbd_core.o
    0x080026cc   0x080026cc   0x00000012   Code   RO          551    i.USBD_LL_Transmit  usbd_conf.o
    0x080026de   0x080026de   0x00000028   Code   RO         2715    i.USBD_ParseSetupRequest  usbd_ctlreq.o
    0x08002706   0x08002706   0x00000010   Code   RO         2585    i.USBD_RegisterClass  usbd_core.o
    0x08002716   0x08002716   0x00000016   Code   RO         2587    i.USBD_SetClassConfig  usbd_core.o
    0x0800272c   0x0800272c   0x00000074   Code   RO         2716    i.USBD_SetConfig    usbd_ctlreq.o
    0x080027a0   0x080027a0   0x0000000a   Code   RO         2588    i.USBD_Start        usbd_core.o
    0x080027aa   0x080027aa   0x000000f2   Code   RO         2717    i.USBD_StdDevReq    usbd_ctlreq.o
    0x0800289c   0x0800289c   0x000000dc   Code   RO         2718    i.USBD_StdEPReq     usbd_ctlreq.o
    0x08002978   0x08002978   0x00000034   Code   RO         2719    i.USBD_StdItfReq    usbd_ctlreq.o
    0x080029ac   0x080029ac   0x00000002   Code   RO          552    i.USBD_static_free  usbd_conf.o
    0x080029ae   0x080029ae   0x00000002   PAD
    0x080029b0   0x080029b0   0x00000008   Code   RO          553    i.USBD_static_malloc  usbd_conf.o
    0x080029b8   0x080029b8   0x0000025c   Code   RO         1031    i.USB_ActivateEndpoint  stm32f1xx_ll_usb.o
    0x08002c14   0x08002c14   0x00000004   Code   RO         1034    i.USB_CoreInit      stm32f1xx_ll_usb.o
    0x08002c18   0x08002c18   0x00000124   Code   RO         1036    i.USB_DeactivateEndpoint  stm32f1xx_ll_usb.o
    0x08002d3c   0x08002d3c   0x00000004   Code   RO         1037    i.USB_DevConnect    stm32f1xx_ll_usb.o
    0x08002d40   0x08002d40   0x00000004   Code   RO         1038    i.USB_DevDisconnect  stm32f1xx_ll_usb.o
    0x08002d44   0x08002d44   0x0000001e   Code   RO         1039    i.USB_DevInit       stm32f1xx_ll_usb.o
    0x08002d62   0x08002d62   0x0000000e   Code   RO         1040    i.USB_DisableGlobalInt  stm32f1xx_ll_usb.o
    0x08002d70   0x08002d70   0x00000004   Code   RO         1041    i.USB_EP0_OutStart  stm32f1xx_ll_usb.o
    0x08002d74   0x08002d74   0x0000006a   Code   RO         1042    i.USB_EPClearStall  stm32f1xx_ll_usb.o
    0x08002dde   0x08002dde   0x0000004a   Code   RO         1043    i.USB_EPSetStall    stm32f1xx_ll_usb.o
    0x08002e28   0x08002e28   0x000001aa   Code   RO         1044    i.USB_EPStartXfer   stm32f1xx_ll_usb.o
    0x08002fd2   0x08002fd2   0x0000000e   Code   RO         1045    i.USB_EnableGlobalInt  stm32f1xx_ll_usb.o
    0x08002fe0   0x08002fe0   0x0000000c   Code   RO          202    i.USB_LP_CAN1_RX0_IRQHandler  stm32f1xx_it.o
    0x08002fec   0x08002fec   0x00000006   Code   RO         1052    i.USB_ReadInterrupts  stm32f1xx_ll_usb.o
    0x08002ff2   0x08002ff2   0x00000002   PAD
    0x08002ff4   0x08002ff4   0x0000001e   Code   RO         1053    i.USB_ReadPMA       stm32f1xx_ll_usb.o
    0x08003012   0x08003012   0x00000004   Code   RO         1055    i.USB_SetCurrentMode  stm32f1xx_ll_usb.o
    0x08003016   0x08003016   0x0000000c   Code   RO         1056    i.USB_SetDevAddress  stm32f1xx_ll_usb.o
    0x08003022   0x08003022   0x00000026   Code   RO         1058    i.USB_WritePMA      stm32f1xx_ll_usb.o
    0x08003048   0x08003048   0x00000002   Code   RO          203    i.UsageFault_Handler  stm32f1xx_it.o
    0x0800304a   0x0800304a   0x0000000e   Code   RO         3674    i.__scatterload_copy  mc_w.l(handlers.o)
    0x08003058   0x08003058   0x00000002   Code   RO         3675    i.__scatterload_null  mc_w.l(handlers.o)
    0x0800305a   0x0800305a   0x0000000e   Code   RO         3676    i.__scatterload_zeroinit  mc_w.l(handlers.o)
    0x08003068   0x08003068   0x0000001c   Code   RO         2980    i.fdiComProtocolInit  fdilink.o
    0x08003084   0x08003084   0x00000038   Code   RO         2981    i.fdiComProtocolReceive  fdilink.o
    0x080030bc   0x080030bc   0x00000104   Code   RO         3336    i.fdiDecodeBuffer   fdi_receive.o
    0x080031c0   0x080031c0   0x0000002e   Code   RO         2983    i.fdiInsertBuffer   fdilink.o
    0x080031ee   0x080031ee   0x0000000e   Code   RO         2984    i.fdiResetAll       fdilink.o
    0x080031fc   0x080031fc   0x000000be   Code   RO         2985    i.fdiRuningReceiveData  fdilink.o
    0x080032ba   0x080032ba   0x00000002   PAD
    0x080032bc   0x080032bc   0x000000b0   Code   RO           18    i.main              main.o
    0x0800336c   0x0800336c   0x00000008   Data   RO          471    .constdata          usbd_cdc_if.o
    0x08003374   0x08003374   0x00000010   Data   RO         2530    .constdata          system_stm32f1xx.o
    0x08003384   0x08003384   0x00000008   Data   RO         2531    .constdata          system_stm32f1xx.o
    0x0800338c   0x0800338c   0x00000700   Data   RO         2955    .constdata          crc_table.o
    0x08003a8c   0x08003a8c   0x00000020   Data   RO         3672    Region$$Table       anon$$obj.o


    Execution Region RW_IRAM1 (Exec base: 0x20000000, Load base: 0x08003aac, Size: 0x00001b30, Max: 0x00005000, ABSOLUTE, COMPRESSED[0x000000c8])

    Exec Addr    Load Addr    Size         Type   Attr      Idx    E Section Name        Object

    0x20000000   COMPRESSED   0x0000001c   Data   RW          397    .data               usbd_desc.o
    0x2000001c   COMPRESSED   0x00000032   Data   RW          398    .data               usbd_desc.o
    0x2000004e   COMPRESSED   0x00000002   PAD
    0x20000050   COMPRESSED   0x00000010   Data   RW          472    .data               usbd_cdc_if.o
    0x20000060   COMPRESSED   0x0000000c   Data   RW         1624    .data               stm32f1xx_hal.o
    0x2000006c   COMPRESSED   0x00000004   Data   RW         2532    .data               system_stm32f1xx.o
    0x20000070   COMPRESSED   0x00000001   Data   RW         2720    .data               usbd_ctlreq.o
    0x20000071   COMPRESSED   0x00000003   PAD
    0x20000074   COMPRESSED   0x000000db   Data   RW         2860    .data               usbd_cdc.o
    0x2000014f   COMPRESSED   0x00000001   PAD
    0x20000150   COMPRESSED   0x00000038   Data   RW         2861    .data               usbd_cdc.o
    0x20000188        -       0x00000270   Zero   RW           19    .bss                main.o
    0x200003f8        -       0x00000044   Zero   RW           20    .bss                main.o
    0x2000043c        -       0x00000044   Zero   RW           21    .bss                main.o
    0x20000480        -       0x00000224   Zero   RW          337    .bss                usb_device.o
    0x200006a4        -       0x00000200   Zero   RW          396    .bss                usbd_desc.o
    0x200008a4        -       0x000007d0   Zero   RW          470    .bss                usbd_cdc_if.o
    0x20001074        -       0x00000680   Zero   RW          554    .bss                usbd_conf.o
    0x200016f4        -       0x00000038   Zero   RW         3337    .bss                fdi_receive.o
    0x2000172c   COMPRESSED   0x00000004   PAD
    0x20001730        -       0x00000400   Zero   RW            1    STACK               startup_stm32f103xb.o


==============================================================================

Image component sizes


      Code (inc. data)   RO Data    RW Data    ZI Data      Debug   Object Name

        72         10       1792          0          0       2337   crc_table.o
       260        112          0          0         56       2460   fdi_receive.o
         0          0          0          0          0      18724   fdi_send.o
       334         10          0          0          0       5513   fdilink.o
       334         22          0          0        760     424525   main.o
        36          8        236          0       1024        832   startup_stm32f103xb.o
       128         24          0         12          0       5725   stm32f1xx_hal.o
       194         14          0          0          0      26011   stm32f1xx_hal_cortex.o
       738         36          0          0          0       4698   stm32f1xx_hal_dma.o
       444         36          0          0          0       2460   stm32f1xx_hal_gpio.o
       280         34          0          0          0       2103   stm32f1xx_hal_msp.o
      1810          0          0          0          0      10713   stm32f1xx_hal_pcd.o
        52          0          0          0          0       1382   stm32f1xx_hal_pcd_ex.o
      1308         98          0          0          0       5608   stm32f1xx_hal_rcc.o
       236         12          0          0          0       1596   stm32f1xx_hal_rcc_ex.o
      1352         24          0          0          0      11508   stm32f1xx_hal_uart.o
       104         24          0          0          0       7044   stm32f1xx_it.o
      1666          0          0          0          0      13519   stm32f1xx_ll_usb.o
        72         16         24          4          0       1431   system_stm32f1xx.o
        84         18          0          0        548       2599   usb_device.o
       542         22          0        275          0      12784   usbd_cdc.o
        92         22          8         16       2000       3157   usbd_cdc_if.o
       544         30          0          0       1664      15373   usbd_conf.o
       592          0          0          0          0       9880   usbd_core.o
       986         30          0          1          0       8252   usbd_ctlreq.o
       268         84          0         78        512       6453   usbd_desc.o
       132          0          0          0          0       4748   usbd_ioreq.o

    ----------------------------------------------------------------------
     12684        686       2092        392       6568     611435   Object Totals
         0          0         32          0          0          0   (incl. Generated)
        24          0          0          6          4          0   (incl. Padding)

    ----------------------------------------------------------------------

      Code (inc. data)   RO Data    RW Data    ZI Data      Debug   Library Member Name

        86          0          0          0          0          0   __dczerorl2.o
         0          0          0          0          0          0   entry.o
         0          0          0          0          0          0   entry10a.o
         0          0          0          0          0          0   entry11a.o
         8          4          0          0          0          0   entry2.o
         4          0          0          0          0          0   entry5.o
         0          0          0          0          0          0   entry7b.o
         0          0          0          0          0          0   entry8b.o
         8          4          0          0          0          0   entry9a.o
        30          0          0          0          0          0   handlers.o
        36          8          0          0          0         68   init.o
        36          0          0          0          0         68   memcpya.o
        36          0          0          0          0        108   memseta.o

    ----------------------------------------------------------------------
       244         16          0          0          0        244   Library Totals
         0          0          0          0          0          0   (incl. Padding)

    ----------------------------------------------------------------------

      Code (inc. data)   RO Data    RW Data    ZI Data      Debug   Library Name

       244         16          0          0          0        244   mc_w.l

    ----------------------------------------------------------------------
       244         16          0          0          0        244   Library Totals

    ----------------------------------------------------------------------

==============================================================================


      Code (inc. data)   RO Data    RW Data    ZI Data      Debug   

     12928        702       2092        392       6568     603227   Grand Totals
     12928        702       2092        200       6568     603227   ELF Image Totals (compressed)
     12928        702       2092        200          0          0   ROM Totals

==============================================================================

    Total RO  Size (Code + RO Data)                15020 (  14.67kB)
    Total RW  Size (RW Data + ZI Data)              6960 (   6.80kB)
    Total ROM Size (Code + RO Data + RW Data)      15220 (  14.86kB)

==============================================================================

